Component: ARM Compiler 5.06 update 7 (build 960) Tool: armlink [4d3601]

==============================================================================

Section Cross References

    main.o(.text) refers to gpio_int.o(.text) for Delay
    main.o(.text) refers to timer.o(.text) for SysTickConfig
    main.o(.text) refers to pi_cale.o(.text) for PID_init
    main.o(.text) refers to state_machine.o(.text) for Key_Gpio
    main.o(.text) refers to hallless.o(.text) for ThreeHalllessPara_init
    main.o(.text) refers to adc_int.o(.text) for Adc_Configuration
    main.o(.text) refers to tim1_pwm.o(.text) for Tim1_PWM_Init
    main.o(.text) refers to oled.o(.text) for OLED_Init
    main.o(.text) refers to main.o(.data) for .data
    main.o(.text) refers to main.o(.bss) for .bss
    system_stm32f10x.o(.text) refers to system_stm32f10x.o(.data) for .data
    startup_stm32f10x_hd.o(STACK) refers (Special) to heapauxi.o(.text) for __use_two_region_memory
    startup_stm32f10x_hd.o(HEAP) refers (Special) to heapauxi.o(.text) for __use_two_region_memory
    startup_stm32f10x_hd.o(RESET) refers (Special) to heapauxi.o(.text) for __use_two_region_memory
    startup_stm32f10x_hd.o(RESET) refers to startup_stm32f10x_hd.o(STACK) for __initial_sp
    startup_stm32f10x_hd.o(RESET) refers to startup_stm32f10x_hd.o(.text) for Reset_Handler
    startup_stm32f10x_hd.o(RESET) refers to stm32f10x_it.o(.text) for NMI_Handler
    startup_stm32f10x_hd.o(RESET) refers to tim1_isr_mcloop.o(.text) for TIM1_UP_IRQHandler
    startup_stm32f10x_hd.o(.text) refers (Special) to heapauxi.o(.text) for __use_two_region_memory
    startup_stm32f10x_hd.o(.text) refers to system_stm32f10x.o(.text) for SystemInit
    startup_stm32f10x_hd.o(.text) refers to __main.o(!!!main) for __main
    startup_stm32f10x_hd.o(.text) refers to startup_stm32f10x_hd.o(HEAP) for Heap_Mem
    startup_stm32f10x_hd.o(.text) refers to startup_stm32f10x_hd.o(STACK) for Stack_Mem
    stm32f10x_adc.o(.text) refers to stm32f10x_rcc.o(.text) for RCC_APB2PeriphResetCmd
    stm32f10x_bkp.o(.text) refers to stm32f10x_rcc.o(.text) for RCC_BackupResetCmd
    stm32f10x_can.o(.text) refers to stm32f10x_rcc.o(.text) for RCC_APB1PeriphResetCmd
    stm32f10x_cec.o(.text) refers to stm32f10x_rcc.o(.text) for RCC_APB1PeriphResetCmd
    stm32f10x_dac.o(.text) refers to stm32f10x_rcc.o(.text) for RCC_APB1PeriphResetCmd
    stm32f10x_gpio.o(.text) refers to stm32f10x_rcc.o(.text) for RCC_APB2PeriphResetCmd
    stm32f10x_i2c.o(.text) refers to stm32f10x_rcc.o(.text) for RCC_APB1PeriphResetCmd
    stm32f10x_pwr.o(.text) refers to stm32f10x_rcc.o(.text) for RCC_APB1PeriphResetCmd
    stm32f10x_rcc.o(.text) refers to stm32f10x_rcc.o(.data) for .data
    stm32f10x_spi.o(.text) refers to stm32f10x_rcc.o(.text) for RCC_APB2PeriphResetCmd
    stm32f10x_tim.o(.text) refers to stm32f10x_rcc.o(.text) for RCC_APB1PeriphResetCmd
    stm32f10x_usart.o(.text) refers to stm32f10x_rcc.o(.text) for RCC_APB2PeriphResetCmd
    stm32f10x_wwdg.o(.text) refers to stm32f10x_rcc.o(.text) for RCC_APB1PeriphResetCmd
    adc_int.o(.text) refers to stm32f10x_rcc.o(.text) for RCC_APB2PeriphClockCmd
    adc_int.o(.text) refers to stm32f10x_gpio.o(.text) for GPIO_Init
    adc_int.o(.text) refers to stm32f10x_adc.o(.text) for ADC_StructInit
    adc_int.o(.text) refers to stm32f10x_dma.o(.text) for DMA_DeInit
    adc_int.o(.text) refers to main.o(.bss) for ADC_DualConvertedValueTab
    adc_int.o(.text) refers to adc_int.o(.bss) for .bss
    adc_int.o(.text) refers to adc_int.o(.data) for .data
    adc_int.o(.text) refers to main.o(.data) for StateContr
    adc_int.o(.text) refers to main.o(.data) for ADCSampPare
    adc_int.o(.text) refers to main.o(.bss) for Hallless_Three
    gpio_int.o(.text) refers to stm32f10x_gpio.o(.text) for GPIO_Init
    hallless.o(.text) refers to stm32f10x_gpio.o(.text) for GPIO_ReadInputDataBit
    hallless.o(.text) refers to dflt_clz.o(x$fpl$dfltu) for __aeabi_ui2d
    hallless.o(.text) refers to dmul.o(x$fpl$dmul) for __aeabi_dmul
    hallless.o(.text) refers to daddsub_clz.o(x$fpl$dadd) for __aeabi_dadd
    hallless.o(.text) refers to dfixu.o(x$fpl$dfixu) for __aeabi_d2uiz
    hallless.o(.text) refers to tim1_pwm.o(.text) for MOS_Q15PWM
    hallless.o(.text) refers to main.o(.bss) for Hallless_Three
    hallless.o(.text) refers to hallless.o(.data) for .data
    hallless.o(.text) refers to main.o(.data) for StateContr
    oled.o(.text) refers to stm32f10x_gpio.o(.text) for GPIO_SetBits
    oled.o(.text) refers to oled.o(.constdata) for .constdata
    oled.o(.text) refers to oled.o(.bss) for .bss
    oled.o(.text) refers to stm32f10x_rcc.o(.text) for RCC_APB2PeriphClockCmd
    oled.o(.text) refers to oled.o(.data) for .data
    pi_cale.o(.text) refers to main.o(.bss) for pi_spd
    pi_cale.o(.text) refers to main.o(.bss) for pi_ICurr
    state_machine.o(.text) refers to stm32f10x_gpio.o(.text) for GPIO_Init
    state_machine.o(.text) refers to stm32f10x_tim.o(.text) for TIM_SetCompare1
[...]
    libshutdown.o(.ARM.Collect$$libshutdown$$00000000) refers (Special) to libshutdown2.o(.ARM.Collect$$libshutdown$$0000000C) for __rt_lib_shutdown_signal_1
    libshutdown.o(.ARM.Collect$$libshutdown$$00000000) refers (Special) to libshutdown2.o(.ARM.Collect$$libshutdown$$00000006) for __rt_lib_shutdown_stdio_1
    libshutdown.o(.ARM.Collect$$libshutdown$$00000000) refers (Special) to libshutdown2.o(.ARM.Collect$$libshutdown$$0000000E) for __rt_lib_shutdown_user_alloc_1
    sys_command.o(.text) refers (Special) to use_no_semi.o(.text) for __I$use$semihosting
    sys_command.o(.text) refers (Special) to indicate_semi.o(.text) for __semihosting_library_function
    defsig_rtmem_outer.o(.text) refers to defsig_rtmem_inner.o(.text) for __rt_SIGRTMEM_inner
    defsig_rtmem_outer.o(.text) refers to defsig_exit.o(.text) for __sig_exit
    defsig_rtmem_formal.o(.text) refers to rt_raise.o(.text) for __rt_raise
    rt_raise.o(.text) refers to __raise.o(.text) for __raise
    rt_raise.o(.text) refers to sys_exit.o(.text) for _sys_exit
    defsig_exit.o(.text) refers to sys_exit.o(.text) for _sys_exit
    defsig_rtmem_inner.o(.text) refers to defsig_general.o(.text) for __default_signal_display
    __raise.o(.text) refers to defsig.o(CL$$defsig) for __default_signal_handler
    defsig_general.o(.text) refers to sys_wrch.o(.text) for _ttywrch
    sys_wrch.o(.text) refers (Special) to use_no_semi.o(.text) for __I$use$semihosting
    sys_wrch.o(.text) refers (Special) to indicate_semi.o(.text) for __semihosting_library_function
    defsig.o(CL$$defsig) refers to defsig_rtmem_inner.o(.text) for __rt_SIGRTMEM_inner
    defsig_abrt_inner.o(.text) refers to defsig_general.o(.text) for __default_signal_display
    defsig_fpe_inner.o(.text) refers to defsig_general.o(.text) for __default_signal_display
    defsig_rtred_inner.o(.text) refers to defsig_general.o(.text) for __default_signal_display
    defsig_stak_inner.o(.text) refers to defsig_general.o(.text) for __default_signal_display
    defsig_pvfn_inner.o(.text) refers to defsig_general.o(.text) for __default_signal_display
    defsig_cppl_inner.o(.text) refers to defsig_general.o(.text) for __default_signal_display
    defsig_segv_inner.o(.text) refers to defsig_general.o(.text) for __default_signal_display
    defsig_other.o(.text) refers to defsig_general.o(.text) for __default_signal_display


==============================================================================

Removing Unused input sections from the image.

    Removing core_cm3.o(.emb_text), (32 bytes).
    Removing stm32f10x_bkp.o(.text), (152 bytes).
    Removing stm32f10x_can.o(.text), (1824 bytes).
    Removing stm32f10x_cec.o(.text), (248 bytes).
    Removing stm32f10x_crc.o(.text), (64 bytes).
    Removing stm32f10x_dac.o(.text), (252 bytes).
    Removing stm32f10x_dbgmcu.o(.text), (40 bytes).
    Removing stm32f10x_exti.o(.text), (232 bytes).
    Removing stm32f10x_flash.o(.text), (1148 bytes).
    Removing stm32f10x_fsmc.o(.text), (1148 bytes).
    Removing stm32f10x_i2c.o(.text), (808 bytes).
    Removing stm32f10x_iwdg.o(.text), (60 bytes).
    Removing stm32f10x_pwr.o(.text), (172 bytes).
    Removing stm32f10x_rtc.o(.text), (272 bytes).
    Removing stm32f10x_sdio.o(.text), (428 bytes).
    Removing stm32f10x_spi.o(.text), (628 bytes).
    Removing stm32f10x_usart.o(.text), (808 bytes).
    Removing stm32f10x_wwdg.o(.text), (124 bytes).
    Removing adc_int.o(.bss), (20 bytes).
    Removing oled.o(.constdata), (552 bytes).

20 unused section(s) (total 9012 bytes) removed from the image.

==============================================================================

Image Symbol Table

    Local Symbols

    Symbol Name                              Value     Ov Type        Size  Object(Section)

    ../clib/angel/boardlib.s                 0x00000000   Number         0  boardinit1.o ABSOLUTE
    ../clib/angel/boardlib.s                 0x00000000   Number         0  boardinit3.o ABSOLUTE
    ../clib/angel/boardlib.s                 0x00000000   Number         0  boardinit2.o ABSOLUTE
    ../clib/angel/boardlib.s                 0x00000000   Number         0  boardshut.o ABSOLUTE
    ../clib/angel/dclz77c.s                  0x00000000   Number         0  __dclz77c.o ABSOLUTE
    ../clib/angel/handlers.s                 0x00000000   Number         0  __scatter_zi.o ABSOLUTE
    ../clib/angel/kernel.s                   0x00000000   Number         0  rtexit2.o ABSOLUTE
    ../clib/angel/kernel.s                   0x00000000   Number         0  __rtentry4.o ABSOLUTE
    ../clib/angel/kernel.s                   0x00000000   Number         0  rtexit.o ABSOLUTE
    ../clib/angel/kernel.s                   0x00000000   Number         0  __rtentry2.o ABSOLUTE
    ../clib/angel/kernel.s                   0x00000000   Number         0  __rtentry.o ABSOLUTE
    ../clib/angel/rt.s                       0x00000000   Number         0  rt_raise.o ABSOLUTE
    ../clib/angel/scatter.s                  0x00000000   Number         0  __scatter.o ABSOLUTE
    ../clib/angel/startup.s                  0x00000000   Number         0  __main.o ABSOLUTE
    ../clib/angel/sys.s                      0x00000000   Number         0  libspace.o ABSOLUTE
    ../clib/angel/sys.s                      0x00000000   Number         0  use_no_semi.o ABSOLUTE
    ../clib/angel/sys.s                      0x00000000   Number         0  indicate_semi.o ABSOLUTE
    ../clib/angel/sys.s                      0x00000000   Number         0  sys_stackheap_outer.o ABSOLUTE
    ../clib/angel/sysapp.c                   0x00000000   Number         0  sys_wrch.o ABSOLUTE
    ../clib/angel/sysapp.c                   0x00000000   Number         0  sys_command.o ABSOLUTE
    ../clib/angel/sysapp.c                   0x00000000   Number         0  sys_exit.o ABSOLUTE
    ../clib/armsys.c                         0x00000000   Number         0  argv_veneer.o ABSOLUTE
    ../clib/armsys.c                         0x00000000   Number         0  no_argv.o ABSOLUTE
    ../clib/armsys.c                         0x00000000   Number         0  _get_argv_nomalloc.o ABSOLUTE
    ../clib/armsys.c                         0x00000000   Number         0  argv_veneer.o ABSOLUTE
    ../clib/heapalloc.c                      0x00000000   Number         0  hrguard.o ABSOLUTE
    ../clib/heapaux.c                        0x00000000   Number         0  heapauxi.o ABSOLUTE
    ../clib/libinit.s                        0x00000000   Number         0  libshutdown2.o ABSOLUTE
    ../clib/libinit.s                        0x00000000   Number         0  libinit2.o ABSOLUTE
    ../clib/libinit.s                        0x00000000   Number         0  libinit.o ABSOLUTE
    ../clib/libinit.s                        0x00000000   Number         0  libshutdown.o ABSOLUTE
    ../clib/signal.c                         0x00000000   Number         0  defsig_pvfn_inner.o ABSOLUTE
    ../clib/signal.c                         0x00000000   Number         0  defsig_cppl_inner.o ABSOLUTE
    ../clib/signal.c                         0x00000000   Number         0  defsig_segv_inner.o ABSOLUTE
    ../clib/signal.c                         0x00000000   Number         0  defsig_other.o ABSOLUTE
    ../clib/signal.c                         0x00000000   Number         0  defsig_exit.o ABSOLUTE
    ../clib/signal.c                         0x00000000   Number         0  defsig_rtmem_formal.o ABSOLUTE
    ../clib/signal.c                         0x00000000   Number         0  defsig_rtmem_outer.o ABSOLUTE
    ../clib/signal.c                         0x00000000   Number         0  __raise.o ABSOLUTE
    ../clib/signal.c                         0x00000000   Number         0  defsig_general.o ABSOLUTE
    ../clib/signal.c                         0x00000000   Number         0  defsig_abrt_inner.o ABSOLUTE
    ../clib/signal.c                         0x00000000   Number         0  defsig_rtred_inner.o ABSOLUTE
    ../clib/signal.c                         0x00000000   Number         0  defsig_rtmem_inner.o ABSOLUTE
    ../clib/signal.c                         0x00000000   Number         0  defsig_stak_inner.o ABSOLUTE
    ../clib/signal.c                         0x00000000   Number         0  defsig_fpe_inner.o ABSOLUTE
    ../clib/signal.s                         0x00000000   Number         0  defsig.o ABSOLUTE
    ../clib/stdlib.c                         0x00000000   Number         0  exit.o ABSOLUTE
    ../fplib/daddsub.s                       0x00000000   Number         0  daddsub_clz.o ABSOLUTE
    ../fplib/dfixu.s                         0x00000000   Number         0  dfixu.o ABSOLUTE
    ../fplib/dflt.s                          0x00000000   Number         0  dflt_clz.o ABSOLUTE
    ../fplib/dmul.s                          0x00000000   Number         0  dmul.o ABSOLUTE
    ../fplib/dnaninf.s                       0x00000000   Number         0  dnaninf.o ABSOLUTE
    ../fplib/dretinf.s                       0x00000000   Number         0  dretinf.o ABSOLUTE
    ../fplib/faddsub.s                       0x00000000   Number         0  faddsub_clz.o ABSOLUTE
    ../fplib/fcmpi.s                         0x00000000   Number         0  fcmpi.o ABSOLUTE
    ../fplib/ffixu.s                         0x00000000   Number         0  ffixu.o ABSOLUTE
    ../fplib/fflt.s                          0x00000000   Number         0  fflt_clz.o ABSOLUTE
    ../fplib/fleqf.s                         0x00000000   Number         0  fleqf.o ABSOLUTE
    ../fplib/fmul.s                          0x00000000   Number         0  fmul.o ABSOLUTE
    ../fplib/fnaninf.s                       0x00000000   Number         0  fnaninf.o ABSOLUTE
    ../fplib/fpinit.s                        0x00000000   Number         0  fpinit.o ABSOLUTE
    ../fplib/fretinf.s                       0x00000000   Number         0  fretinf.o ABSOLUTE
    ../fplib/frleqf.s                        0x00000000   Number         0  frleqf.o ABSOLUTE
    ../fplib/usenofp.s                       0x00000000   Number         0  usenofp.o ABSOLUTE
    ..\CORE\core_cm3.c                       0x00000000   Number         0  core_cm3.o ABSOLUTE
    ..\CORE\startup_stm32f10x_hd.s           0x00000000   Number         0  startup_stm32f10x_hd.o ABSOLUTE
    ..\STM32F10x_FWLib\src\misc.c            0x00000000   Number         0  misc.o ABSOLUTE
    ..\STM32F10x_FWLib\src\stm32f10x_adc.c   0x00000000   Number         0  stm32f10x_adc.o ABSOLUTE
    ..\STM32F10x_FWLib\src\stm32f10x_bkp.c   0x00000000   Number         0  stm32f10x_bkp.o ABSOLUTE
    ..\STM32F10x_FWLib\src\stm32f10x_can.c   0x00000000   Number         0  stm32f10x_can.o ABSOLUTE
    ..\STM32F10x_FWLib\src\stm32f10x_cec.c   0x00000000   Number         0  stm32f10x_cec.o ABSOLUTE
    ..\STM32F10x_FWLib\src\stm32f10x_crc.c   0x00000000   Number         0  stm32f10x_crc.o ABSOLUTE
    ..\STM32F10x_FWLib\src\stm32f10x_dac.c   0x00000000   Number         0  stm32f10x_dac.o ABSOLUTE
    ..\STM32F10x_FWLib\src\stm32f10x_dbgmcu.c 0x00000000   Number         0  stm32f10x_dbgmcu.o ABSOLUTE
    ..\STM32F10x_FWLib\src\stm32f10x_dma.c   0x00000000   Number         0  stm32f10x_dma.o ABSOLUTE
    ..\STM32F10x_FWLib\src\stm32f10x_exti.c  0x00000000   Number         0  stm32f10x_exti.o ABSOLUTE
    ..\STM32F10x_FWLib\src\stm32f10x_flash.c 0x00000000   Number         0  stm32f10x_flash.o ABSOLUTE
    ..\STM32F10x_FWLib\src\stm32f10x_fsmc.c  0x00000000   Number         0  stm32f10x_fsmc.o ABSOLUTE
    ..\STM32F10x_FWLib\src\stm32f10x_gpio.c  0x00000000   Number         0  stm32f10x_gpio.o ABSOLUTE
    ..\STM32F10x_FWLib\src\stm32f10x_i2c.c   0x00000000   Number         0  stm32f10x_i2c.o ABSOLUTE
    ..\STM32F10x_FWLib\src\stm32f10x_iwdg.c  0x00000000   Number         0  stm32f10x_iwdg.o ABSOLUTE
    ..\STM32F10x_FWLib\src\stm32f10x_pwr.c   0x00000000   Number         0  stm32f10x_pwr.o ABSOLUTE
    ..\STM32F10x_FWLib\src\stm32f10x_rcc.c   0x00000000   Number         0  stm32f10x_rcc.o ABSOLUTE
    ..\STM32F10x_FWLib\src\stm32f10x_rtc.c   0x00000000   Number         0  stm32f10x_rtc.o ABSOLUTE
    ..\STM32F10x_FWLib\src\stm32f10x_sdio.c  0x00000000   Number         0  stm32f10x_sdio.o ABSOLUTE
    ..\STM32F10x_FWLib\src\stm32f10x_spi.c   0x00000000   Number         0  stm32f10x_spi.o ABSOLUTE
    ..\STM32F10x_FWLib\src\stm32f10x_tim.c   0x00000000   Number         0  stm32f10x_tim.o ABSOLUTE
    ..\STM32F10x_FWLib\src\stm32f10x_usart.c 0x00000000   Number         0  stm32f10x_usart.o ABSOLUTE
    ..\STM32F10x_FWLib\src\stm32f10x_wwdg.c  0x00000000   Number         0  stm32f10x_wwdg.o ABSOLUTE
    ..\SYSTEM\ADC_int.c                      0x00000000   Number         0  adc_int.o ABSOLUTE
    ..\SYSTEM\GPIO_int.c                     0x00000000   Number         0  gpio_int.o ABSOLUTE
    ..\SYSTEM\Hall.c                         0x00000000   Number         0  hall.o ABSOLUTE
    ..\SYSTEM\Hallless.c                     0x00000000   Number         0  hallless.o ABSOLUTE
    ..\SYSTEM\OLED.c                         0x00000000   Number         0  oled.o ABSOLUTE
    ..\SYSTEM\PI_Cale.c                      0x00000000   Number         0  pi_cale.o ABSOLUTE
    ..\SYSTEM\State_Machine.c                0x00000000   Number         0  state_machine.o ABSOLUTE
    ..\SYSTEM\Tim1_ISR_MCLoop.c              0x00000000   Number         0  tim1_isr_mcloop.o ABSOLUTE
    ..\SYSTEM\Tim1_PWM.c                     0x00000000   Number         0  tim1_pwm.o ABSOLUTE
    ..\SYSTEM\Timer.c                        0x00000000   Number         0  timer.o ABSOLUTE
    ..\SYSTEM\VvvfControl.c                  0x00000000   Number         0  vvvfcontrol.o ABSOLUTE
    ..\\CORE\\core_cm3.c                     0x00000000   Number         0  core_cm3.o ABSOLUTE
    dc.s                                     0x00000000   Number         0  dc.o ABSOLUTE
    main.c                                   0x00000000   Number         0  main.o ABSOLUTE
    stm32f10x_it.c                           0x00000000   Number         0  stm32f10x_it.o ABSOLUTE
    system_stm32f10x.c                       0x00000000   Number         0  system_stm32f10x.o ABSOLUTE
    RESET                                    0x08000000   Section      304  startup_stm32f10x_hd.o(RESET)
    !!!main                                  0x08000130   Section        8  __main.o(!!!main)
    !!!scatter                               0x08000138   Section       52  __scatter.o(!!!scatter)
    !!dclz77c                                0x0800016c   Section      100  __dclz77c.o(!!dclz77c)
    !!handler_zi                             0x080001d0   Section       28  __scatter_zi.o(!!handler_zi)
    .ARM.Collect$$libinit$$00000000          0x080001ec   Section        2  libinit.o(.ARM.Collect$$libinit$$00000000)
    .ARM.Collect$$libinit$$00000002          0x080001ee   Section        0  libinit2.o(.ARM.Collect$$libinit$$00000002)
    .ARM.Collect$$libinit$$00000004          0x080001ee   Section        0  libinit2.o(.ARM.Collect$$libinit$$00000004)
    .ARM.Collect$$libinit$$0000000A          0x080001ee   Section        0  libinit2.o(.ARM.Collect$$libinit$$0000000A)
    .ARM.Collect$$libinit$$0000000C          0x080001ee   Section        0  libinit2.o(.ARM.Collect$$libinit$$0000000C)
    .ARM.Collect$$libinit$$0000000E          0x080001ee   Section        0  libinit2.o(.ARM.Collect$$libinit$$0000000E)
    .ARM.Collect$$libinit$$00000011          0x080001ee   Section        0  libinit2.o(.ARM.Collect$$libinit$$00000011)
    .ARM.Collect$$libinit$$00000013          0x080001ee   Section        0  libinit2.o(.ARM.Collect$$libinit$$00000013)
    .ARM.Collect$$libinit$$00000015          0x080001ee   Section        0  libinit2.o(.ARM.Collect$$libinit$$00000015)
    .ARM.Collect$$libinit$$00000017          0x080001ee   Section        0  libinit2.o(.ARM.Collect$$libinit$$00000017)
    .ARM.Collect$$libinit$$00000019          0x080001ee   Section        0  libinit2.o(.ARM.Collect$$libinit$$00000019)
    .ARM.Collect$$libinit$$0000001B          0x080001ee   Section        0  libinit2.o(.ARM.Collect$$libinit$$0000001B)
    .ARM.Collect$$libinit$$0000001D          0x080001ee   Section        0  libinit2.o(.ARM.Collect$$libinit$$0000001D)
    .ARM.Collect$$libinit$$0000001F          0x080001ee   Section        0  libinit2.o(.ARM.Collect$$libinit$$0000001F)
    .ARM.Collect$$libinit$$00000021          0x080001ee   Section        0  libinit2.o(.ARM.Collect$$libinit$$00000021)
    .ARM.Collect$$libinit$$00000023          0x080001ee   Section        0  libinit2.o(.ARM.Collect$$libinit$$00000023)
    .ARM.Collect$$libinit$$00000025          0x080001ee   Section        0  libinit2.o(.ARM.Collect$$libinit$$00000025)
    .ARM.Collect$$libinit$$0000002C          0x080001ee   Section        0  libinit2.o(.ARM.Collect$$libinit$$0000002C)
    .ARM.Collect$$libinit$$0000002E          0x080001ee   Section        0  libinit2.o(.ARM.Collect$$libinit$$0000002E)
    .ARM.Collect$$libinit$$00000030          0x080001ee   Section        0  libinit2.o(.ARM.Collect$$libinit$$00000030)
    .ARM.Collect$$libinit$$00000032          0x080001ee   Section        0  libinit2.o(.ARM.Collect$$libinit$$00000032)
    .ARM.Collect$$libinit$$00000033          0x080001ee   Section        2  libinit2.o(.ARM.Collect$$libinit$$00000033)
    .ARM.Collect$$libshutdown$$00000000      0x080001f0   Section        2  libshutdown.o(.ARM.Collect$$libshutdown$$00000000)
    .ARM.Collect$$libshutdown$$00000002      0x080001f2   Section        0  libshutdown2.o(.ARM.Collect$$libshutdown$$00000002)
    .ARM.Collect$$libshutdown$$00000004      0x080001f2   Section        0  libshutdown2.o(.ARM.Collect$$libshutdown$$00000004)
    .ARM.Collect$$libshutdown$$00000006      0x080001f2   Section        0  libshutdown2.o(.ARM.Collect$$libshutdown$$00000006)
    .ARM.Collect$$libshutdown$$00000009      0x080001f2   Section        0  libshutdown2.o(.ARM.Collect$$libshutdown$$00000009)
    .ARM.Collect$$libshutdown$$0000000C      0x080001f2   Section        0  libshutdown2.o(.ARM.Collect$$libshutdown$$0000000C)
    .ARM.Collect$$libshutdown$$0000000E      0x080001f2   Section        0  libshutdown2.o(.ARM.Collect$$libshutdown$$0000000E)
    .ARM.Collect$$libshutdown$$00000011      0x080001f2   Section        0  libshutdown2.o(.ARM.Collect$$libshutdown$$00000011)
    .ARM.Collect$$libshutdown$$00000012      0x080001f2   Section        2  libshutdown2.o(.ARM.Collect$$libshutdown$$00000012)
    .ARM.Collect$$rtentry$$00000000          0x080001f4   Section        0  __rtentry.o(.ARM.Collect$$rtentry$$00000000)
    .ARM.Collect$$rtentry$$00000002          0x080001f4   Section        0  __rtentry2.o(.ARM.Collect$$rtentry$$00000002)
    .ARM.Collect$$rtentry$$00000004          0x080001f4   Section        6  __rtentry4.o(.ARM.Collect$$rtentry$$00000004)
    .ARM.Collect$$rtentry$$00000009          0x080001fa   Section        0  __rtentry2.o(.ARM.Collect$$rtentry$$00000009)
    .ARM.Collect$$rtentry$$0000000A          0x080001fa   Section        4  __rtentry2.o(.ARM.Collect$$rtentry$$0000000A)
    .ARM.Collect$$rtentry$$0000000C          0x080001fe   Section        0  __rtentry2.o(.ARM.Collect$$rtentry$$0000000C)
    .ARM.Collect$$rtentry$$0000000D          0x080001fe   Section        8  __rtentry2.o(.ARM.Collect$$rtentry$$0000000D)
    .ARM.Collect$$rtexit$$00000000           0x08000206   Section        2  rtexit.o(.ARM.Collect$$rtexit$$00000000)
    .ARM.Collect$$rtexit$$00000002           0x08000208   Section        0  rtexit2.o(.ARM.Collect$$rtexit$$00000002)
    .ARM.Collect$$rtexit$$00000003           0x08000208   Section        4  rtexit2.o(.ARM.Collect$$rtexit$$00000003)
    .ARM.Collect$$rtexit$$00000004           0x0800020c   Section        6  rtexit2.o(.ARM.Collect$$rtexit$$00000004)
    .text                                    0x08000214   Section        0  main.o(.text)
    .text                                    0x080002a0   Section        0  stm32f10x_it.o(.text)
    .text                                    0x080002b4   Section        0  system_stm32f10x.o(.text)
    SetSysClockTo72                          0x080002b5   Thumb Code   160  system_stm32f10x.o(.text)
    .text                                    0x08000408   Section       64  startup_stm32f10x_hd.o(.text)
    .text                                    0x08000448   Section        0  misc.o(.text)
    .text                                    0x080004f8   Section        0  stm32f10x_adc.o(.text)
    .text                                    0x08000828   Section        0  stm32f10x_dma.o(.text)
    .text                                    0x080009f0   Section        0  stm32f10x_gpio.o(.text)
    .text                                    0x08000c5c   Section        0  stm32f10x_rcc.o(.text)
    .text                                    0x08000f10   Section        0  stm32f10x_tim.o(.text)
    TI2_Config                               0x080012a3   Thumb Code   166  stm32f10x_tim.o(.text)
    TI1_Config                               0x08001359   Thumb Code    88  stm32f10x_tim.o(.text)
    .text                                    0x08001a04   Section        0  adc_int.o(.text)
    .text                                    0x08001c48   Section        0  gpio_int.o(.text)
    .text                                    0x08001cbc   Section        0  hallless.o(.text)
    .text                                    0x08001f1c   Section        0  oled.o(.text)
    .text                                    0x08002540   Section        0  pi_cale.o(.text)
    .text                                    0x0800258c   Section        0  state_machine.o(.text)
    .text                                    0x08002a78   Section        0  tim1_isr_mcloop.o(.text)
    .text                                    0x08002d78   Section        0  tim1_pwm.o(.text)
    .text                                    0x0800308c   Section        0  timer.o(.text)
    NVIC_SetPriority                         0x080030db   Thumb Code    32  timer.o(.text)
    .text                                    0x08003104   Section        0  vvvfcontrol.o(.text)
    .text                                    0x08003288   Section        0  heapauxi.o(.text)
    .text                                    0x0800328e   Section       74  sys_stackheap_outer.o(.text)
    .text                                    0x080032d8   Section        0  exit.o(.text)
    .text                                    0x080032ec   Section        8  libspace.o(.text)
    .text                                    0x080032f4   Section        0  sys_exit.o(.text)
    .text                                    0x08003300   Section        2  use_no_semi.o(.text)
    .text                                    0x08003302   Section        0  indicate_semi.o(.text)
    x$fpl$dadd                               0x08003304   Section      336  daddsub_clz.o(x$fpl$dadd)
    _dadd1                                   0x08003315   Thumb Code     0  daddsub_clz.o(x$fpl$dadd)
    x$fpl$dfixu                              0x08003454   Section       90  dfixu.o(x$fpl$dfixu)
    x$fpl$dfltu                              0x080034ae   Section       38  dflt_clz.o(x$fpl$dfltu)
    x$fpl$dmul                               0x080034d4   Section      340  dmul.o(x$fpl$dmul)
    x$fpl$dnaninf                            0x08003628   Section      156  dnaninf.o(x$fpl$dnaninf)
    x$fpl$dretinf                            0x080036c4   Section       12  dretinf.o(x$fpl$dretinf)
    x$fpl$dsub                               0x080036d0   Section      468  daddsub_clz.o(x$fpl$dsub)
    _dsub1                                   0x080036e1   Thumb Code     0  daddsub_clz.o(x$fpl$dsub)
    x$fpl$fadd                               0x080038a4   Section      196  faddsub_clz.o(x$fpl$fadd)
    _fadd1                                   0x080038b3   Thumb Code     0  faddsub_clz.o(x$fpl$fadd)
    x$fpl$fcmpinf                            0x08003968   Section       24  fcmpi.o(x$fpl$fcmpinf)
    x$fpl$ffixu                              0x08003980   Section       62  ffixu.o(x$fpl$ffixu)
    x$fpl$fflt                               0x080039c0   Section       48  fflt_clz.o(x$fpl$fflt)
    x$fpl$ffltu                              0x080039f0   Section       38  fflt_clz.o(x$fpl$ffltu)
    x$fpl$fleqf                              0x08003a18   Section      104  fleqf.o(x$fpl$fleqf)
    x$fpl$fmul                               0x08003a80   Section      258  fmul.o(x$fpl$fmul)
    x$fpl$fnaninf                            0x08003b82   Section      140  fnaninf.o(x$fpl$fnaninf)
    x$fpl$fretinf                            0x08003c0e   Section       10  fretinf.o(x$fpl$fretinf)
    x$fpl$frleqf                             0x08003c18   Section       98  frleqf.o(x$fpl$frleqf)
    x$fpl$fsub                               0x08003c7c   Section      234  faddsub_clz.o(x$fpl$fsub)
    _fsub1                                   0x08003c8b   Thumb Code     0  faddsub_clz.o(x$fpl$fsub)
    .constdata                               0x08003d66   Section     4180  oled.o(.constdata)
    x$fpl$usenofp                            0x08003d66   Section        0  usenofp.o(x$fpl$usenofp)
    .data                                    0x20000000   Section       32  main.o(.data)
    .data                                    0x20000020   Section       48  main.o(.data)
    .data                                    0x20000050   Section       20  system_stm32f10x.o(.data)
    .data                                    0x20000064   Section       20  stm32f10x_rcc.o(.data)
    ADCPrescTable                            0x20000064   Data           4  stm32f10x_rcc.o(.data)
    APBAHBPrescTable                         0x20000068   Data          16  stm32f10x_rcc.o(.data)
    .data                                    0x20000078   Section        1  adc_int.o(.data)
    i                                        0x20000078   Data           1  adc_int.o(.data)
    .data                                    0x20000079   Section        3  hallless.o(.data)
    oldval                                   0x20000079   Data           1  hallless.o(.data)
    oldval                                   0x2000007a   Data           1  hallless.o(.data)
    oldval                                   0x2000007b   Data           1  hallless.o(.data)
    .data                                    0x2000007c   Section     1792  oled.o(.data)
    .data                                    0x2000077c   Section        2  state_machine.o(.data)
    Count                                    0x2000077c   Data           2  state_machine.o(.data)
    .bss                                     0x20000780   Section       72  main.o(.bss)
    .bss                                     0x200007c8   Section       72  main.o(.bss)
    .bss                                     0x20000810   Section       64  main.o(.bss)
    .bss                                     0x20000850   Section       30  main.o(.bss)
    .bss                                     0x2000086e   Section       10  main.o(.bss)
    .bss                                     0x20000878   Section      384  adc_int.o(.bss)
    ADC_PhaseU_Curr                          0x20000878   Data         128  adc_int.o(.bss)
    ADC_PhaseV_Curr                          0x200008f8   Data         128  adc_int.o(.bss)
    ADC_PhaseW_Curr                          0x20000978   Data         128  adc_int.o(.bss)
    .bss                                     0x200009f8   Section     2112  oled.o(.bss)
    .bss                                     0x20001238   Section       96  libspace.o(.bss)
    HEAP                                     0x20001298   Section      512  startup_stm32f10x_hd.o(HEAP)
    Heap_Mem                                 0x20001298   Data         512  startup_stm32f10x_hd.o(HEAP)
    STACK                                    0x20001498   Section     1024  startup_stm32f10x_hd.o(STACK)
    Stack_Mem                                0x20001498   Data        1024  startup_stm32f10x_hd.o(STACK)
    __initial_sp                             0x20001898   Data           0  startup_stm32f10x_hd.o(STACK)

    Global Symbols

    Symbol Name                              Value     Ov Type        Size  Object(Section)

    BuildAttributes$$THM_ISAv4$P$D$K$B$S$PE$A:L22UL41UL21$X:L11$S22US41US21$IEEE1$IW$USESV6$~STKCKD$USESV7$~SHL$OSPACE$ROPI$EBA8$UX$STANDARDLIB$REQ8$PRES8$EABIv2 0x00000000   Number         0  anon$$obj.o ABSOLUTE
    __ARM_use_no_argv                        0x00000000   Number         0  main.o ABSOLUTE
    __ARM_exceptions_init                     - Undefined Weak Reference
    __alloca_initialize                       - Undefined Weak Reference
    __arm_fini_                               - Undefined Weak Reference
    __arm_preinit_                            - Undefined Weak Reference
    __cpp_initialize__aeabi_                  - Undefined Weak Reference
    __cxa_finalize                            - Undefined Weak Reference
    __rt_locale                               - Undefined Weak Reference
    __sigvec_lookup                           - Undefined Weak Reference
    _atexit_init                              - Undefined Weak Reference
    _call_atexit_fns                          - Undefined Weak Reference
    _clock_init                               - Undefined Weak Reference
    _fp_trap_init                             - Undefined Weak Reference
    _fp_trap_shutdown                         - Undefined Weak Reference
    _get_lc_collate                           - Undefined Weak Reference
    _get_lc_ctype                             - Undefined Weak Reference
    _get_lc_monetary                          - Undefined Weak Reference
    _get_lc_numeric                           - Undefined Weak Reference
    _get_lc_time                              - Undefined Weak Reference
    _getenv_init                              - Undefined Weak Reference
    _handle_redirection                       - Undefined Weak Reference
    _init_alloc                               - Undefined Weak Reference
    _init_user_alloc                          - Undefined Weak Reference
    _initio                                   - Undefined Weak Reference
    _rand_init                                - Undefined Weak Reference
    _signal_finish                            - Undefined Weak Reference
    _signal_init                              - Undefined Weak Reference
    _terminate_alloc                          - Undefined Weak Reference
    _terminate_user_alloc                     - Undefined Weak Reference
    _terminateio                              - Undefined Weak Reference
    __Vectors_Size                           0x00000130   Number         0  startup_stm32f10x_hd.o ABSOLUTE
    __Vectors                                0x08000000   Data           4  startup_stm32f10x_hd.o(RESET)
    __Vectors_End                            0x08000130   Data           0  startup_stm32f10x_hd.o(RESET)
    __main                                   0x08000131   Thumb Code     8  __main.o(!!!main)
    __scatterload                            0x08000139   Thumb Code     0  __scatter.o(!!!scatter)
    __scatterload_rt2                        0x08000139   Thumb Code    44  __scatter.o(!!!scatter)
    __scatterload_rt2_thumb_only             0x08000139   Thumb Code     0  __scatter.o(!!!scatter)
    __scatterload_null                       0x08000147   Thumb Code     0  __scatter.o(!!!scatter)
    __decompress                             0x0800016d   Thumb Code   100  __dclz77c.o(!!dclz77c)
    __decompress2                            0x0800016d   Thumb Code     0  __dclz77c.o(!!dclz77c)
    __scatterload_zeroinit                   0x080001d1   Thumb Code    28  __scatter_zi.o(!!handler_zi)
    __rt_lib_init                            0x080001ed   Thumb Code     0  libinit.o(.ARM.Collect$$libinit$$00000000)
    __rt_lib_init_alloca_1                   0x080001ef   Thumb Code     0  libinit2.o(.ARM.Collect$$libinit$$0000002E)
    __rt_lib_init_argv_1                     0x080001ef   Thumb Code     0  libinit2.o(.ARM.Collect$$libinit$$0000002C)
    __rt_lib_init_atexit_1                   0x080001ef   Thumb Code     0  libinit2.o(.ARM.Collect$$libinit$$0000001B)
    __rt_lib_init_clock_1                    0x080001ef   Thumb Code     0  libinit2.o(.ARM.Collect$$libinit$$00000021)
    __rt_lib_init_cpp_1                      0x080001ef   Thumb Code     0  libinit2.o(.ARM.Collect$$libinit$$00000032)
    __rt_lib_init_exceptions_1               0x080001ef   Thumb Code     0  libinit2.o(.ARM.Collect$$libinit$$00000030)
    __rt_lib_init_fp_1                       0x080001ef   Thumb Code     0  libinit2.o(.ARM.Collect$$libinit$$00000002)
    __rt_lib_init_fp_trap_1                  0x080001ef   Thumb Code     0  libinit2.o(.ARM.Collect$$libinit$$0000001F)
    __rt_lib_init_getenv_1                   0x080001ef   Thumb Code     0  libinit2.o(.ARM.Collect$$libinit$$00000023)
    __rt_lib_init_heap_1                     0x080001ef   Thumb Code     0  libinit2.o(.ARM.Collect$$libinit$$0000000A)
    __rt_lib_init_lc_collate_1               0x080001ef   Thumb Code     0  libinit2.o(.ARM.Collect$$libinit$$00000011)
    __rt_lib_init_lc_ctype_1                 0x080001ef   Thumb Code     0  libinit2.o(.ARM.Collect$$libinit$$00000013)
    __rt_lib_init_lc_monetary_1              0x080001ef   Thumb Code     0  libinit2.o(.ARM.Collect$$libinit$$00000015)
    __rt_lib_init_lc_numeric_1               0x080001ef   Thumb Code     0  libinit2.o(.ARM.Collect$$libinit$$00000017)
    __rt_lib_init_lc_time_1                  0x080001ef   Thumb Code     0  libinit2.o(.ARM.Collect$$libinit$$00000019)
    __rt_lib_init_preinit_1                  0x080001ef   Thumb Code     0  libinit2.o(.ARM.Collect$$libinit$$00000004)
    __rt_lib_init_rand_1                     0x080001ef   Thumb Code     0  libinit2.o(.ARM.Collect$$libinit$$0000000E)
    __rt_lib_init_return                     0x080001ef   Thumb Code     0  libinit2.o(.ARM.Collect$$libinit$$00000033)
    __rt_lib_init_signal_1                   0x080001ef   Thumb Code     0  libinit2.o(.ARM.Collect$$libinit$$0000001D)
    __rt_lib_init_stdio_1                    0x080001ef   Thumb Code     0  libinit2.o(.ARM.Collect$$libinit$$00000025)
    __rt_lib_init_user_alloc_1               0x080001ef   Thumb Code     0  libinit2.o(.ARM.Collect$$libinit$$0000000C)
    __rt_lib_shutdown                        0x080001f1   Thumb Code     0  libshutdown.o(.ARM.Collect$$libshutdown$$00000000)
    __rt_lib_shutdown_cpp_1                  0x080001f3   Thumb Code     0  libshutdown2.o(.ARM.Collect$$libshutdown$$00000004)
    __rt_lib_shutdown_fini_1                 0x080001f3   Thumb Code     0  libshutdown2.o(.ARM.Collect$$libshutdown$$00000002)
    __rt_lib_shutdown_fp_trap_1              0x080001f3   Thumb Code     0  libshutdown2.o(.ARM.Collect$$libshutdown$$00000009)
    __rt_lib_shutdown_heap_1                 0x080001f3   Thumb Code     0  libshutdown2.o(.ARM.Collect$$libshutdown$$00000011)
    __rt_lib_shutdown_return                 0x080001f3   Thumb Code     0  libshutdown2.o(.ARM.Collect$$libshutdown$$00000012)
    __rt_lib_shutdown_signal_1               0x080001f3   Thumb Code     0  libshutdown2.o(.ARM.Collect$$libshutdown$$0000000C)
    __rt_lib_shutdown_stdio_1                0x080001f3   Thumb Code     0  libshutdown2.o(.ARM.Collect$$libshutdown$$00000006)
    __rt_lib_shutdown_user_alloc_1           0x080001f3   Thumb Code     0  libshutdown2.o(.ARM.Collect$$libshutdown$$0000000E)
    __rt_entry                               0x080001f5   Thumb Code     0  __rtentry.o(.ARM.Collect$$rtentry$$00000000)
    __rt_entry_presh_1                       0x080001f5   Thumb Code     0  __rtentry2.o(.ARM.Collect$$rtentry$$00000002)
    __rt_entry_sh                            0x080001f5   Thumb Code     0  __rtentry4.o(.ARM.Collect$$rtentry$$00000004)
    __rt_entry_li                            0x080001fb   Thumb Code     0  __rtentry2.o(.ARM.Collect$$rtentry$$0000000A)
    __rt_entry_postsh_1                      0x080001fb   Thumb Code     0  __rtentry2.o(.ARM.Collect$$rtentry$$00000009)
    __rt_entry_main                          0x080001ff   Thumb Code     0  __rtentry2.o(.ARM.Collect$$rtentry$$0000000D)
    __rt_entry_postli_1                      0x080001ff   Thumb Code     0  __rtentry2.o(.ARM.Collect$$rtentry$$0000000C)
    __rt_exit                                0x08000207   Thumb Code     0  rtexit.o(.ARM.Collect$$rtexit$$00000000)
    __rt_exit_ls                             0x08000209   Thumb Code     0  rtexit2.o(.ARM.Collect$$rtexit$$00000003)
    __rt_exit_prels_1                        0x08000209   Thumb Code     0  rtexit2.o(.ARM.Collect$$rtexit$$00000002)
    __rt_exit_exit                           0x0800020d   Thumb Code     0  rtexit2.o(.ARM.Collect$$rtexit$$00000004)
    main                                     0x08000215   Thumb Code   122  main.o(.text)
    NMI_Handler                              0x080002a1   Thumb Code     2  stm32f10x_it.o(.text)
    HardFault_Handler                        0x080002a3   Thumb Code     2  stm32f10x_it.o(.text)
    MemManage_Handler                        0x080002a5   Thumb Code     2  stm32f10x_it.o(.text)
    BusFault_Handler                         0x080002a7   Thumb Code     2  stm32f10x_it.o(.text)
    UsageFault_Handler                       0x080002a9   Thumb Code     2  stm32f10x_it.o(.text)
    SVC_Handler                              0x080002ab   Thumb Code     2  stm32f10x_it.o(.text)
    DebugMon_Handler                         0x080002ad   Thumb Code     2  stm32f10x_it.o(.text)
    PendSV_Handler                           0x080002af   Thumb Code     2  stm32f10x_it.o(.text)
    SysTick_Handler                          0x080002b1   Thumb Code     2  stm32f10x_it.o(.text)
    SystemInit                               0x08000355   Thumb Code    64  system_stm32f10x.o(.text)
    SystemCoreClockUpdate                    0x08000395   Thumb Code    84  system_stm32f10x.o(.text)
    Reset_Handler                            0x08000409   Thumb Code     8  startup_stm32f10x_hd.o(.text)
    ADC1_2_IRQHandler                        0x08000423   Thumb Code     0  startup_stm32f10x_hd.o(.text)
    ADC3_IRQHandler                          0x08000423   Thumb Code     0  startup_stm32f10x_hd.o(.text)
    CAN1_RX1_IRQHandler                      0x08000423   Thumb Code     0  startup_stm32f10x_hd.o(.text)
    CAN1_SCE_IRQHandler                      0x08000423   Thumb Code     0  startup_stm32f10x_hd.o(.text)
    DMA1_Channel1_IRQHandler                 0x08000423   Thumb Code     0  startup_stm32f10x_hd.o(.text)
    DMA1_Channel2_IRQHandler                 0x08000423   Thumb Code     0  startup_stm32f10x_hd.o(.text)
    DMA1_Channel3_IRQHandler                 0x08000423   Thumb Code     0  startup_stm32f10x_hd.o(.text)
    DMA1_Channel4_IRQHandler                 0x08000423   Thumb Code     0  startup_stm32f10x_hd.o(.text)
    DMA1_Channel5_IRQHandler                 0x08000423   Thumb Code     0  startup_stm32f10x_hd.o(.text)
    DMA1_Channel6_IRQHandler                 0x08000423   Thumb Code     0  startup_stm32f10x_hd.o(.text)
    DMA1_Channel7_IRQHandler                 0x08000423   Thumb Code     0  startup_stm32f10x_hd.o(.text)
    DMA2_Channel1_IRQHandler                 0x08000423   Thumb Code     0  startup_stm32f10x_hd.o(.text)
    DMA2_Channel2_IRQHandler                 0x08000423   Thumb Code     0  startup_stm32f10x_hd.o(.text)
    DMA2_Channel3_IRQHandler                 0x08000423   Thumb Code     0  startup_stm32f10x_hd.o(.text)
    DMA2_Channel4_5_IRQHandler               0x08000423   Thumb Code     0  startup_stm32f10x_hd.o(.text)
    EXTI0_IRQHandler                         0x08000423   Thumb Code     0  startup_stm32f10x_hd.o(.text)
    EXTI15_10_IRQHandler                     0x08000423   Thumb Code     0  startup_stm32f10x_hd.o(.text)
    EXTI1_IRQHandler                         0x08000423   Thumb Code     0  startup_stm32f10x_hd.o(.text)
    EXTI2_IRQHandler                         0x08000423   Thumb Code     0  startup_stm32f10x_hd.o(.text)
    EXTI3_IRQHandler                         0x08000423   Thumb Code     0  startup_stm32f10x_hd.o(.text)
    EXTI4_IRQHandler                         0x08000423   Thumb Code     0  startup_stm32f10x_hd.o(.text)
    EXTI9_5_IRQHandler                       0x08000423   Thumb Code     0  startup_stm32f10x_hd.o(.text)
    FLASH_IRQHandler                         0x08000423   Thumb Code     0  startup_stm32f10x_hd.o(.text)
    FSMC_IRQHandler                          0x08000423   Thumb Code     0  startup_stm32f10x_hd.o(.text)
    I2C1_ER_IRQHandler                       0x08000423   Thumb Code     0  startup_stm32f10x_hd.o(.text)
    I2C1_EV_IRQHandler                       0x08000423   Thumb Code     0  startup_stm32f10x_hd.o(.text)
    I2C2_ER_IRQHandler                       0x08000423   Thumb Code     0  startup_stm32f10x_hd.o(.text)
    I2C2_EV_IRQHandler                       0x08000423   Thumb Code     0  startup_stm32f10x_hd.o(.text)
    PVD_IRQHandler                           0x08000423   Thumb Code     0  startup_stm32f10x_hd.o(.text)
    RCC_IRQHandler                           0x08000423   Thumb Code     0  startup_stm32f10x_hd.o(.text)
    RTCAlarm_IRQHandler                      0x08000423   Thumb Code     0  startup_stm32f10x_hd.o(.text)
    RTC_IRQHandler                           0x08000423   Thumb Code     0  startup_stm32f10x_hd.o(.text)
    SDIO_IRQHandler                          0x08000423   Thumb Code     0  startup_stm32f10x_hd.o(.text)
    SPI1_IRQHandler                          0x08000423   Thumb Code     0  startup_stm32f10x_hd.o(.text)
    SPI2_IRQHandler                          0x08000423   Thumb Code     0  startup_stm32f10x_hd.o(.text)
    SPI3_IRQHandler                          0x08000423   Thumb Code     0  startup_stm32f10x_hd.o(.text)
    TAMPER_IRQHandler                        0x08000423   Thumb Code     0  startup_stm32f10x_hd.o(.text)
    TIM1_BRK_IRQHandler                      0x08000423   Thumb Code     0  startup_stm32f10x_hd.o(.text)
    TIM1_CC_IRQHandler                       0x08000423   Thumb Code     0  startup_stm32f10x_hd.o(.text)
    TIM1_TRG_COM_IRQHandler                  0x08000423   Thumb Code     0  startup_stm32f10x_hd.o(.text)
    TIM2_IRQHandler                          0x08000423   Thumb Code     0  startup_stm32f10x_hd.o(.text)
    TIM3_IRQHandler                          0x08000423   Thumb Code     0  startup_stm32f10x_hd.o(.text)
    TIM4_IRQHandler                          0x08000423   Thumb Code     0  startup_stm32f10x_hd.o(.text)
    TIM5_IRQHandler                          0x08000423   Thumb Code     0  startup_stm32f10x_hd.o(.text)
    TIM6_IRQHandler                          0x08000423   Thumb Code     0  startup_stm32f10x_hd.o(.text)
    TIM7_IRQHandler                          0x08000423   Thumb Code     0  startup_stm32f10x_hd.o(.text)
    TIM8_BRK_IRQHandler                      0x08000423   Thumb Code     0  startup_stm32f10x_hd.o(.text)
    TIM8_CC_IRQHandler                       0x08000423   Thumb Code     0  startup_stm32f10x_hd.o(.text)
    TIM8_TRG_COM_IRQHandler                  0x08000423   Thumb Code     0  startup_stm32f10x_hd.o(.text)
    TIM8_UP_IRQHandler                       0x08000423   Thumb Code     0  startup_stm32f10x_hd.o(.text)
    UART4_IRQHandler                         0x08000423   Thumb Code     0  startup_stm32f10x_hd.o(.text)
    UART5_IRQHandler                         0x08000423   Thumb Code     0  startup_stm32f10x_hd.o(.text)
    USART1_IRQHandler                        0x08000423   Thumb Code     0  startup_stm32f10x_hd.o(.text)
    USART2_IRQHandler                        0x08000423   Thumb Code     0  startup_stm32f10x_hd.o(.text)
    USART3_IRQHandler                        0x08000423   Thumb Code     0  startup_stm32f10x_hd.o(.text)
    USBWakeUp_IRQHandler                     0x08000423   Thumb Code     0  startup_stm32f10x_hd.o(.text)
    USB_HP_CAN1_TX_IRQHandler                0x08000423   Thumb Code     0  startup_stm32f10x_hd.o(.text)
    USB_LP_CAN1_RX0_IRQHandler               0x08000423   Thumb Code     0  startup_stm32f10x_hd.o(.text)
    WWDG_IRQHandler                          0x08000423   Thumb Code     0  startup_stm32f10x_hd.o(.text)
    __user_initial_stackheap                 0x08000425   Thumb Code     0  startup_stm32f10x_hd.o(.text)
    NVIC_PriorityGroupConfig                 0x08000449   Thumb Code    10  misc.o(.text)
    NVIC_Init                                0x08000453   Thumb Code    94  misc.o(.text)
    NVIC_SetVectorTable                      0x080004b1   Thumb Code    14  misc.o(.text)
    NVIC_SystemLPConfig                      0x080004bf   Thumb Code    20  misc.o(.text)
    SysTick_CLKSourceConfig                  0x080004d3   Thumb Code    24  misc.o(.text)
    ADC_DeInit                               0x080004f9   Thumb Code    56  stm32f10x_adc.o(.text)
    ADC_Init                                 0x08000531   Thumb Code    62  stm32f10x_adc.o(.text)
    ADC_StructInit                           0x0800056f   Thumb Code    18  stm32f10x_adc.o(.text)
    ADC_Cmd                                  0x08000581   Thumb Code    20  stm32f10x_adc.o(.text)
    ADC_DMACmd                               0x08000595   Thumb Code    20  stm32f10x_adc.o(.text)
    ADC_ITConfig                             0x080005a9   Thumb Code    18  stm32f10x_adc.o(.text)
    ADC_ResetCalibration                     0x080005bb   Thumb Code    10  stm32f10x_adc.o(.text)
    ADC_GetResetCalibrationStatus            0x080005c5   Thumb Code    14  stm32f10x_adc.o(.text)
    ADC_StartCalibration                     0x080005d3   Thumb Code    10  stm32f10x_adc.o(.text)
    ADC_GetCalibrationStatus                 0x080005dd   Thumb Code    14  stm32f10x_adc.o(.text)
    ADC_SoftwareStartConvCmd                 0x080005eb   Thumb Code    20  stm32f10x_adc.o(.text)
    ADC_GetSoftwareStartConvStatus           0x080005ff   Thumb Code    14  stm32f10x_adc.o(.text)
    ADC_DiscModeChannelCountConfig           0x0800060d   Thumb Code    16  stm32f10x_adc.o(.text)
    ADC_DiscModeCmd                          0x0800061d   Thumb Code    20  stm32f10x_adc.o(.text)
    ADC_RegularChannelConfig                 0x08000631   Thumb Code   116  stm32f10x_adc.o(.text)
    ADC_ExternalTrigConvCmd                  0x080006a5   Thumb Code    20  stm32f10x_adc.o(.text)
    ADC_GetConversionValue                   0x080006b9   Thumb Code     6  stm32f10x_adc.o(.text)
    ADC_GetDualModeConversionValue           0x080006bf   Thumb Code     8  stm32f10x_adc.o(.text)
    ADC_AutoInjectedConvCmd                  0x080006c7   Thumb Code    20  stm32f10x_adc.o(.text)
    ADC_InjectedDiscModeCmd                  0x080006db   Thumb Code    20  stm32f10x_adc.o(.text)
    ADC_ExternalTrigInjectedConvConfig       0x080006ef   Thumb Code    12  stm32f10x_adc.o(.text)
    ADC_ExternalTrigInjectedConvCmd          0x080006fb   Thumb Code    20  stm32f10x_adc.o(.text)
    ADC_SoftwareStartInjectedConvCmd         0x0800070f   Thumb Code    20  stm32f10x_adc.o(.text)
    ADC_GetSoftwareStartInjectedConvCmdStatus 0x08000723   Thumb Code    14  stm32f10x_adc.o(.text)
    ADC_InjectedChannelConfig                0x08000731   Thumb Code    74  stm32f10x_adc.o(.text)
    ADC_InjectedSequencerLengthConfig        0x0800077b   Thumb Code    16  stm32f10x_adc.o(.text)
    ADC_SetInjectedOffset                    0x0800078b   Thumb Code    10  stm32f10x_adc.o(.text)
    ADC_GetInjectedConversionValue           0x08000795   Thumb Code    14  stm32f10x_adc.o(.text)
    ADC_AnalogWatchdogCmd                    0x080007a3   Thumb Code    12  stm32f10x_adc.o(.text)
    ADC_AnalogWatchdogThresholdsConfig       0x080007af   Thumb Code     6  stm32f10x_adc.o(.text)
    ADC_AnalogWatchdogSingleChannelConfig    0x080007b5   Thumb Code    12  stm32f10x_adc.o(.text)
    ADC_TempSensorVrefintCmd                 0x080007c1   Thumb Code    24  stm32f10x_adc.o(.text)
    ADC_GetFlagStatus                        0x080007d9   Thumb Code    14  stm32f10x_adc.o(.text)
    ADC_ClearFlag                            0x080007e7   Thumb Code     6  stm32f10x_adc.o(.text)
    ADC_GetITStatus                          0x080007ed   Thumb Code    28  stm32f10x_adc.o(.text)
    ADC_ClearITPendingBit                    0x08000809   Thumb Code     8  stm32f10x_adc.o(.text)
    DMA_DeInit                               0x08000829   Thumb Code   218  stm32f10x_dma.o(.text)
    DMA_Init                                 0x08000903   Thumb Code    58  stm32f10x_dma.o(.text)
    DMA_StructInit                           0x0800093d   Thumb Code    26  stm32f10x_dma.o(.text)
    DMA_Cmd                                  0x08000957   Thumb Code    22  stm32f10x_dma.o(.text)
    DMA_ITConfig                             0x0800096d   Thumb Code    16  stm32f10x_dma.o(.text)
    DMA_SetCurrDataCounter                   0x0800097d   Thumb Code     4  stm32f10x_dma.o(.text)
    DMA_GetCurrDataCounter                   0x08000981   Thumb Code     6  stm32f10x_dma.o(.text)
    DMA_GetFlagStatus                        0x08000987   Thumb Code    28  stm32f10x_dma.o(.text)
    DMA_ClearFlag                            0x080009a3   Thumb Code    20  stm32f10x_dma.o(.text)
    DMA_GetITStatus                          0x080009b7   Thumb Code    28  stm32f10x_dma.o(.text)
    DMA_ClearITPendingBit                    0x080009d3   Thumb Code    20  stm32f10x_dma.o(.text)
    GPIO_DeInit                              0x080009f1   Thumb Code   152  stm32f10x_gpio.o(.text)
    GPIO_AFIODeInit                          0x08000a89   Thumb Code    22  stm32f10x_gpio.o(.text)
    GPIO_Init                                0x08000a9f   Thumb Code   164  stm32f10x_gpio.o(.text)
    GPIO_StructInit                          0x08000b43   Thumb Code    16  stm32f10x_gpio.o(.text)
    GPIO_ReadInputDataBit                    0x08000b53   Thumb Code    14  stm32f10x_gpio.o(.text)
    GPIO_ReadInputData                       0x08000b61   Thumb Code     6  stm32f10x_gpio.o(.text)
    GPIO_ReadOutputDataBit                   0x08000b67   Thumb Code    14  stm32f10x_gpio.o(.text)
    GPIO_ReadOutputData                      0x08000b75   Thumb Code     6  stm32f10x_gpio.o(.text)
    GPIO_SetBits                             0x08000b7b   Thumb Code     4  stm32f10x_gpio.o(.text)
    GPIO_ResetBits                           0x08000b7f   Thumb Code     4  stm32f10x_gpio.o(.text)
    GPIO_WriteBit                            0x08000b83   Thumb Code    10  stm32f10x_gpio.o(.text)
    GPIO_Write                               0x08000b8d   Thumb Code     4  stm32f10x_gpio.o(.text)
    GPIO_PinLockConfig                       0x08000b91   Thumb Code    16  stm32f10x_gpio.o(.text)
    GPIO_EventOutputConfig                   0x08000ba1   Thumb Code    22  stm32f10x_gpio.o(.text)
    GPIO_EventOutputCmd                      0x08000bb7   Thumb Code     6  stm32f10x_gpio.o(.text)
    GPIO_PinRemapConfig                      0x08000bbd   Thumb Code    82  stm32f10x_gpio.o(.text)
    GPIO_EXTILineConfig                      0x08000c0f   Thumb Code    34  stm32f10x_gpio.o(.text)
    GPIO_ETH_MediaInterfaceConfig            0x08000c31   Thumb Code     8  stm32f10x_gpio.o(.text)
    RCC_DeInit                               0x08000c5d   Thumb Code    50  stm32f10x_rcc.o(.text)
    RCC_HSEConfig                            0x08000c8f   Thumb Code    48  stm32f10x_rcc.o(.text)
    RCC_GetFlagStatus                        0x08000cbf   Thumb Code    42  stm32f10x_rcc.o(.text)
    RCC_WaitForHSEStartUp                    0x08000ce9   Thumb Code    44  stm32f10x_rcc.o(.text)
    RCC_AdjustHSICalibrationValue            0x08000d15   Thumb Code    16  stm32f10x_rcc.o(.text)
    RCC_HSICmd                               0x08000d25   Thumb Code     6  stm32f10x_rcc.o(.text)
    RCC_PLLConfig                            0x08000d2b   Thumb Code    16  stm32f10x_rcc.o(.text)
    RCC_PLLCmd                               0x08000d3b   Thumb Code     6  stm32f10x_rcc.o(.text)
    RCC_SYSCLKConfig                         0x08000d41   Thumb Code    14  stm32f10x_rcc.o(.text)
    RCC_GetSYSCLKSource                      0x08000d4f   Thumb Code    10  stm32f10x_rcc.o(.text)
    RCC_HCLKConfig                           0x08000d59   Thumb Code    14  stm32f10x_rcc.o(.text)
    RCC_PCLK1Config                          0x08000d67   Thumb Code    14  stm32f10x_rcc.o(.text)
    RCC_PCLK2Config                          0x08000d75   Thumb Code    16  stm32f10x_rcc.o(.text)
    RCC_ITConfig                             0x08000d85   Thumb Code    18  stm32f10x_rcc.o(.text)
    RCC_USBCLKConfig                         0x08000d97   Thumb Code     8  stm32f10x_rcc.o(.text)
    RCC_ADCCLKConfig                         0x08000d9f   Thumb Code    14  stm32f10x_rcc.o(.text)
    RCC_LSEConfig                            0x08000dad   Thumb Code    28  stm32f10x_rcc.o(.text)
    RCC_LSICmd                               0x08000dc9   Thumb Code     6  stm32f10x_rcc.o(.text)
    RCC_RTCCLKConfig                         0x08000dcf   Thumb Code    10  stm32f10x_rcc.o(.text)
    RCC_RTCCLKCmd                            0x08000dd9   Thumb Code     8  stm32f10x_rcc.o(.text)
    RCC_GetClocksFreq                        0x08000de1   Thumb Code   128  stm32f10x_rcc.o(.text)
    RCC_AHBPeriphClockCmd                    0x08000e61   Thumb Code    18  stm32f10x_rcc.o(.text)
    RCC_APB2PeriphClockCmd                   0x08000e73   Thumb Code    18  stm32f10x_rcc.o(.text)
    RCC_APB1PeriphClockCmd                   0x08000e85   Thumb Code    18  stm32f10x_rcc.o(.text)
    RCC_APB2PeriphResetCmd                   0x08000e97   Thumb Code    18  stm32f10x_rcc.o(.text)
    RCC_APB1PeriphResetCmd                   0x08000ea9   Thumb Code    18  stm32f10x_rcc.o(.text)
    RCC_BackupResetCmd                       0x08000ebb   Thumb Code     8  stm32f10x_rcc.o(.text)
    RCC_ClockSecuritySystemCmd               0x08000ec3   Thumb Code     6  stm32f10x_rcc.o(.text)
    RCC_MCOConfig                            0x08000ec9   Thumb Code     6  stm32f10x_rcc.o(.text)
    RCC_ClearFlag                            0x08000ecf   Thumb Code    12  stm32f10x_rcc.o(.text)
    RCC_GetITStatus                          0x08000edb   Thumb Code    16  stm32f10x_rcc.o(.text)
    RCC_ClearITPendingBit                    0x08000eeb   Thumb Code     6  stm32f10x_rcc.o(.text)
    TIM_DeInit                               0x08000f11   Thumb Code   304  stm32f10x_tim.o(.text)
    TIM_TimeBaseInit                         0x08001041   Thumb Code   114  stm32f10x_tim.o(.text)
    TIM_OC1Init                              0x080010b3   Thumb Code   106  stm32f10x_tim.o(.text)
    TIM_OC2Init                              0x0800111d   Thumb Code   120  stm32f10x_tim.o(.text)
    TIM_OC3Init                              0x08001195   Thumb Code   116  stm32f10x_tim.o(.text)
    TIM_OC4Init                              0x08001209   Thumb Code    90  stm32f10x_tim.o(.text)
    TIM_SetIC4Prescaler                      0x08001263   Thumb Code    24  stm32f10x_tim.o(.text)
    TIM_SetIC3Prescaler                      0x0800127b   Thumb Code    16  stm32f10x_tim.o(.text)
    TIM_SetIC2Prescaler                      0x0800128b   Thumb Code    24  stm32f10x_tim.o(.text)
    TIM_SetIC1Prescaler                      0x08001349   Thumb Code    16  stm32f10x_tim.o(.text)
    TIM_ICInit                               0x080013b1   Thumb Code   272  stm32f10x_tim.o(.text)
    TIM_PWMIConfig                           0x080014c1   Thumb Code   104  stm32f10x_tim.o(.text)
    TIM_BDTRConfig                           0x08001529   Thumb Code    34  stm32f10x_tim.o(.text)
    TIM_TimeBaseStructInit                   0x0800154b   Thumb Code    18  stm32f10x_tim.o(.text)
    TIM_OCStructInit                         0x0800155d   Thumb Code    20  stm32f10x_tim.o(.text)
    TIM_ICStructInit                         0x08001571   Thumb Code    16  stm32f10x_tim.o(.text)
    TIM_BDTRStructInit                       0x08001581   Thumb Code    18  stm32f10x_tim.o(.text)
    TIM_Cmd                                  0x08001593   Thumb Code    20  stm32f10x_tim.o(.text)
    TIM_CtrlPWMOutputs                       0x080015a7   Thumb Code    22  stm32f10x_tim.o(.text)
    TIM_ITConfig                             0x080015bd   Thumb Code    16  stm32f10x_tim.o(.text)
    TIM_GenerateEvent                        0x080015cd   Thumb Code     4  stm32f10x_tim.o(.text)
    TIM_DMAConfig                            0x080015d1   Thumb Code     8  stm32f10x_tim.o(.text)
    TIM_DMACmd                               0x080015d9   Thumb Code    16  stm32f10x_tim.o(.text)
    TIM_InternalClockConfig                  0x080015e9   Thumb Code    10  stm32f10x_tim.o(.text)
    TIM_SelectInputTrigger                   0x080015f3   Thumb Code    12  stm32f10x_tim.o(.text)
    TIM_ITRxExternalClockConfig              0x080015ff   Thumb Code    18  stm32f10x_tim.o(.text)
    TIM_TIxExternalClockConfig               0x08001611   Thumb Code    46  stm32f10x_tim.o(.text)
    TIM_ETRConfig                            0x0800163f   Thumb Code    24  stm32f10x_tim.o(.text)
    TIM_ETRClockMode1Config                  0x08001657   Thumb Code    18  stm32f10x_tim.o(.text)
    TIM_ETRClockMode2Config                  0x08001669   Thumb Code    18  stm32f10x_tim.o(.text)
    TIM_PrescalerConfig                      0x0800167b   Thumb Code     6  stm32f10x_tim.o(.text)
    TIM_CounterModeConfig                    0x08001681   Thumb Code    12  stm32f10x_tim.o(.text)
    TIM_EncoderInterfaceConfig               0x0800168d   Thumb Code    50  stm32f10x_tim.o(.text)
    TIM_ForcedOC1Config                      0x080016bf   Thumb Code    12  stm32f10x_tim.o(.text)
    TIM_ForcedOC2Config                      0x080016cb   Thumb Code    20  stm32f10x_tim.o(.text)
    TIM_ForcedOC3Config                      0x080016df   Thumb Code    12  stm32f10x_tim.o(.text)
    TIM_ForcedOC4Config                      0x080016eb   Thumb Code    20  stm32f10x_tim.o(.text)
    TIM_ARRPreloadConfig                     0x080016ff   Thumb Code    20  stm32f10x_tim.o(.text)
    TIM_SelectCOM                            0x08001713   Thumb Code    20  stm32f10x_tim.o(.text)
    TIM_SelectCCDMA                          0x08001727   Thumb Code    20  stm32f10x_tim.o(.text)
    TIM_CCPreloadControl                     0x0800173b   Thumb Code    20  stm32f10x_tim.o(.text)
    TIM_OC1PreloadConfig                     0x0800174f   Thumb Code    34  stm32f10x_tim.o(.text)
    TIM_OC2PreloadConfig                     0x08001771   Thumb Code    20  stm32f10x_tim.o(.text)
    TIM_OC3PreloadConfig                     0x08001785   Thumb Code    12  stm32f10x_tim.o(.text)
    TIM_OC4PreloadConfig                     0x08001791   Thumb Code    20  stm32f10x_tim.o(.text)
    TIM_OC1FastConfig                        0x080017a5   Thumb Code    12  stm32f10x_tim.o(.text)
    TIM_OC2FastConfig                        0x080017b1   Thumb Code    20  stm32f10x_tim.o(.text)
    TIM_OC3FastConfig                        0x080017c5   Thumb Code    12  stm32f10x_tim.o(.text)
    TIM_OC4FastConfig                        0x080017d1   Thumb Code    20  stm32f10x_tim.o(.text)
    TIM_ClearOC1Ref                          0x080017e5   Thumb Code    12  stm32f10x_tim.o(.text)
    TIM_ClearOC2Ref                          0x080017f1   Thumb Code    20  stm32f10x_tim.o(.text)
    TIM_ClearOC3Ref                          0x08001805   Thumb Code    12  stm32f10x_tim.o(.text)
    TIM_ClearOC4Ref                          0x08001811   Thumb Code    20  stm32f10x_tim.o(.text)
    TIM_OC1PolarityConfig                    0x08001825   Thumb Code    12  stm32f10x_tim.o(.text)
    TIM_OC1NPolarityConfig                   0x08001831   Thumb Code    12  stm32f10x_tim.o(.text)
    TIM_OC2PolarityConfig                    0x0800183d   Thumb Code    20  stm32f10x_tim.o(.text)
    TIM_OC2NPolarityConfig                   0x08001851   Thumb Code    20  stm32f10x_tim.o(.text)
    TIM_OC3PolarityConfig                    0x08001865   Thumb Code    20  stm32f10x_tim.o(.text)
    TIM_OC3NPolarityConfig                   0x08001879   Thumb Code    20  stm32f10x_tim.o(.text)
    TIM_OC4PolarityConfig                    0x0800188d   Thumb Code    20  stm32f10x_tim.o(.text)
    TIM_CCxCmd                               0x080018a1   Thumb Code    22  stm32f10x_tim.o(.text)
    TIM_CCxNCmd                              0x080018b7   Thumb Code    22  stm32f10x_tim.o(.text)
    TIM_SelectOCxM                           0x080018cd   Thumb Code    70  stm32f10x_tim.o(.text)
    TIM_UpdateDisableConfig                  0x08001913   Thumb Code    20  stm32f10x_tim.o(.text)
    TIM_UpdateRequestConfig                  0x08001927   Thumb Code    20  stm32f10x_tim.o(.text)
    TIM_SelectHallSensor                     0x0800193b   Thumb Code    20  stm32f10x_tim.o(.text)
    TIM_SelectOnePulseMode                   0x0800194f   Thumb Code    16  stm32f10x_tim.o(.text)
    TIM_SelectOutputTrigger                  0x0800195f   Thumb Code    16  stm32f10x_tim.o(.text)
    TIM_SelectSlaveMode                      0x0800196f   Thumb Code    16  stm32f10x_tim.o(.text)
    TIM_SelectMasterSlaveMode                0x0800197f   Thumb Code    16  stm32f10x_tim.o(.text)
    TIM_SetCounter                           0x0800198f   Thumb Code     4  stm32f10x_tim.o(.text)
    TIM_SetAutoreload                        0x08001993   Thumb Code     4  stm32f10x_tim.o(.text)
    TIM_SetCompare1                          0x08001997   Thumb Code     4  stm32f10x_tim.o(.text)
    TIM_SetCompare2                          0x0800199b   Thumb Code     4  stm32f10x_tim.o(.text)
    TIM_SetCompare3                          0x0800199f   Thumb Code     4  stm32f10x_tim.o(.text)
    TIM_SetCompare4                          0x080019a3   Thumb Code     6  stm32f10x_tim.o(.text)
    TIM_SetClockDivision                     0x080019a9   Thumb Code    16  stm32f10x_tim.o(.text)
    TIM_GetCapture1                          0x080019b9   Thumb Code     4  stm32f10x_tim.o(.text)
    TIM_GetCapture2                          0x080019bd   Thumb Code     4  stm32f10x_tim.o(.text)
    TIM_GetCapture3                          0x080019c1   Thumb Code     4  stm32f10x_tim.o(.text)
    TIM_GetCapture4                          0x080019c5   Thumb Code     6  stm32f10x_tim.o(.text)
    TIM_GetCounter                           0x080019cb   Thumb Code     4  stm32f10x_tim.o(.text)
    TIM_GetPrescaler                         0x080019cf   Thumb Code     4  stm32f10x_tim.o(.text)
    TIM_GetFlagStatus                        0x080019d3   Thumb Code    14  stm32f10x_tim.o(.text)
    TIM_ClearFlag                            0x080019e1   Thumb Code     6  stm32f10x_tim.o(.text)
    TIM_GetITStatus                          0x080019e7   Thumb Code    24  stm32f10x_tim.o(.text)
    TIM_ClearITPendingBit                    0x080019ff   Thumb Code     6  stm32f10x_tim.o(.text)
    Adc_Configuration                        0x08001a05   Thumb Code   344  adc_int.o(.text)
    Offset_CurrentReading                    0x08001b5d   Thumb Code   110  adc_int.o(.text)
    HALLLESS_ADC_Sample                      0x08001bcb   Thumb Code    80  adc_int.o(.text)
    Delay                                    0x08001c49   Thumb Code    22  gpio_int.o(.text)
    Hall_Gpio                                0x08001c5f   Thumb Code    32  gpio_int.o(.text)
    Hallless_Gpio                            0x08001c7f   Thumb Code    54  gpio_int.o(.text)
    ThreeHalllessPara_init                   0x08001cbd   Thumb Code    20  hallless.o(.text)
    UEMF_Edge                                0x08001cd1   Thumb Code    22  hallless.o(.text)
    VEMF_Edge                                0x08001ce7   Thumb Code    22  hallless.o(.text)
    WEMF_Edge                                0x08001cfd   Thumb Code    22  hallless.o(.text)
    Hallless_SW                              0x08001d13   Thumb Code   470  hallless.o(.text)
    OLED_WR_Byte                             0x08001f1d   Thumb Code   112  oled.o(.text)
    OLED_WR_Byte2                            0x08001f8d   Thumb Code   112  oled.o(.text)
    OLED_Set_Pos                             0x08001ffd   Thumb Code    42  oled.o(.text)
    OLED_Display_On                          0x08002027   Thumb Code    28  oled.o(.text)
    OLED_Display_Off                         0x08002043   Thumb Code    28  oled.o(.text)
    OLED_Clear                               0x0800205f   Thumb Code    62  oled.o(.text)
    OLED_ShowChar                            0x0800209d   Thumb Code    94  oled.o(.text)
    OLED_ShowChar2                           0x080020fb   Thumb Code    90  oled.o(.text)
    OLED_DrawPoint                           0x08002155   Thumb Code    58  oled.o(.text)
    oled_pow                                 0x0800218f   Thumb Code    16  oled.o(.text)
    OLED_ShowNum                             0x0800219f   Thumb Code    98  oled.o(.text)
    OLED_ShowString                          0x08002201   Thumb Code    62  oled.o(.text)
    OLED_ShowChar1                           0x0800223f   Thumb Code   130  oled.o(.text)
    OLED_ShowString1                         0x080022c1   Thumb Code    84  oled.o(.text)
    OLED_ShowCHinese                         0x08002315   Thumb Code    98  oled.o(.text)
    OLED_DrawBMP                             0x08002377   Thumb Code    64  oled.o(.text)
    OLED_Init                                0x080023b7   Thumb Code   384  oled.o(.text)
    PID_init                                 0x08002541   Thumb Code    46  pi_cale.o(.text)
    Key_Gpio                                 0x0800258d   Thumb Code    98  state_machine.o(.text)
    DIR                                      0x080025ef   Thumb Code    20  state_machine.o(.text)
    STOP                                     0x08002603   Thumb Code   120  state_machine.o(.text)
    DOWN                                     0x0800267b   Thumb Code    74  state_machine.o(.text)
    UP                                       0x080026c5   Thumb Code    74  state_machine.o(.text)
    RUN                                      0x0800270f   Thumb Code    50  state_machine.o(.text)
    Key_Scanning                             0x08002741   Thumb Code   136  state_machine.o(.text)
    OLED_Display                             0x080027c9   Thumb Code   686  state_machine.o(.text)
    TIM1_UP_IRQHandler                       0x08002a79   Thumb Code   732  tim1_isr_mcloop.o(.text)
    TIM1_Gpio                                0x08002d79   Thumb Code    74  tim1_pwm.o(.text)
    Tim1_PWM_Init                            0x08002dc3   Thumb Code   258  tim1_pwm.o(.text)
    Stop_Motor                               0x08002ec5   Thumb Code    68  tim1_pwm.o(.text)
    Start_Motor                              0x08002f09   Thumb Code    68  tim1_pwm.o(.text)
    MOS_Q15PWM                               0x08002f4d   Thumb Code    52  tim1_pwm.o(.text)
    MOS_Q16PWM                               0x08002f81   Thumb Code    52  tim1_pwm.o(.text)
    MOS_Q26PWM                               0x08002fb5   Thumb Code    50  tim1_pwm.o(.text)
    MOS_Q24PWM                               0x08002fe7   Thumb Code    48  tim1_pwm.o(.text)
    MOS_Q34PWM                               0x08003017   Thumb Code    50  tim1_pwm.o(.text)
    MOS_Q35PWM                               0x08003049   Thumb Code    52  tim1_pwm.o(.text)
    SysTickConfig                            0x0800308d   Thumb Code    78  timer.o(.text)
    Delay_US                                 0x08003105   Thumb Code     8  vvvfcontrol.o(.text)
    Delay_MS                                 0x0800310d   Thumb Code    12  vvvfcontrol.o(.text)
    Anwerfen_SW                              0x08003119   Thumb Code   154  vvvfcontrol.o(.text)
    Change_Voltage                           0x080031b3   Thumb Code    90  vvvfcontrol.o(.text)
    Anwerfen                                 0x0800320d   Thumb Code   110  vvvfcontrol.o(.text)
    __use_two_region_memory                  0x08003289   Thumb Code     2  heapauxi.o(.text)
    __rt_heap_escrow$2region                 0x0800328b   Thumb Code     2  heapauxi.o(.text)
    __rt_heap_expand$2region                 0x0800328d   Thumb Code     2  heapauxi.o(.text)
    __user_setup_stackheap                   0x0800328f   Thumb Code    74  sys_stackheap_outer.o(.text)
    exit                                     0x080032d9   Thumb Code    18  exit.o(.text)
    __user_libspace                          0x080032ed   Thumb Code     8  libspace.o(.text)
    __user_perproc_libspace                  0x080032ed   Thumb Code     0  libspace.o(.text)
    __user_perthread_libspace                0x080032ed   Thumb Code     0  libspace.o(.text)
    _sys_exit                                0x080032f5   Thumb Code     8  sys_exit.o(.text)
    __I$use$semihosting                      0x08003301   Thumb Code     0  use_no_semi.o(.text)
    __use_no_semihosting_swi                 0x08003301   Thumb Code     2  use_no_semi.o(.text)
    __semihosting_library_function           0x08003303   Thumb Code     0  indicate_semi.o(.text)
    __aeabi_dadd                             0x08003305   Thumb Code     0  daddsub_clz.o(x$fpl$dadd)
    _dadd                                    0x08003305   Thumb Code   332  daddsub_clz.o(x$fpl$dadd)
    __aeabi_d2uiz                            0x08003455   Thumb Code     0  dfixu.o(x$fpl$dfixu)
    _dfixu                                   0x08003455   Thumb Code    90  dfixu.o(x$fpl$dfixu)
    __aeabi_ui2d                             0x080034af   Thumb Code     0  dflt_clz.o(x$fpl$dfltu)
    _dfltu                                   0x080034af   Thumb Code    38  dflt_clz.o(x$fpl$dfltu)
    __aeabi_dmul                             0x080034d5   Thumb Code     0  dmul.o(x$fpl$dmul)
    _dmul                                    0x080034d5   Thumb Code   332  dmul.o(x$fpl$dmul)
    __fpl_dnaninf                            0x08003629   Thumb Code   156  dnaninf.o(x$fpl$dnaninf)
    __fpl_dretinf                            0x080036c5   Thumb Code    12  dretinf.o(x$fpl$dretinf)
    __aeabi_dsub                             0x080036d1   Thumb Code     0  daddsub_clz.o(x$fpl$dsub)
    _dsub                                    0x080036d1   Thumb Code   464  daddsub_clz.o(x$fpl$dsub)
    __aeabi_fadd                             0x080038a5   Thumb Code     0  faddsub_clz.o(x$fpl$fadd)
    _fadd                                    0x080038a5   Thumb Code   196  faddsub_clz.o(x$fpl$fadd)
    __fpl_fcmp_Inf                           0x08003969   Thumb Code    24  fcmpi.o(x$fpl$fcmpinf)
    __aeabi_f2uiz                            0x08003981   Thumb Code     0  ffixu.o(x$fpl$ffixu)
    _ffixu                                   0x08003981   Thumb Code    62  ffixu.o(x$fpl$ffixu)
    __aeabi_i2f                              0x080039c1   Thumb Code     0  fflt_clz.o(x$fpl$fflt)
    _fflt                                    0x080039c1   Thumb Code    48  fflt_clz.o(x$fpl$fflt)
    __aeabi_ui2f                             0x080039f1   Thumb Code     0  fflt_clz.o(x$fpl$ffltu)
    _ffltu                                   0x080039f1   Thumb Code    38  fflt_clz.o(x$fpl$ffltu)
    __aeabi_cfcmple                          0x08003a19   Thumb Code     0  fleqf.o(x$fpl$fleqf)
    _fcmple                                  0x08003a19   Thumb Code   104  fleqf.o(x$fpl$fleqf)
    __fpl_fcmple_InfNaN                      0x08003a6b   Thumb Code     0  fleqf.o(x$fpl$fleqf)
    __aeabi_fmul                             0x08003a81   Thumb Code     0  fmul.o(x$fpl$fmul)
    _fmul                                    0x08003a81   Thumb Code   258  fmul.o(x$fpl$fmul)
    __fpl_fnaninf                            0x08003b83   Thumb Code   140  fnaninf.o(x$fpl$fnaninf)
    __fpl_fretinf                            0x08003c0f   Thumb Code    10  fretinf.o(x$fpl$fretinf)
    __aeabi_cfrcmple                         0x08003c19   Thumb Code     0  frleqf.o(x$fpl$frleqf)
    _frcmple                                 0x08003c19   Thumb Code    98  frleqf.o(x$fpl$frleqf)
    __aeabi_fsub                             0x08003c7d   Thumb Code     0  faddsub_clz.o(x$fpl$fsub)
    _fsub                                    0x08003c7d   Thumb Code   234  faddsub_clz.o(x$fpl$fsub)
    __I$use$fp                               0x08003d66   Number         0  usenofp.o(x$fpl$usenofp)
    oled_asc2_1206                           0x08003d66   Data        1140  oled.o(.constdata)
    oled_asc2_1608                           0x080041da   Data        1520  oled.o(.constdata)
    F8X16                                    0x080047ca   Data        1520  oled.o(.constdata)
    Region$$Table$$Base                      0x08004dbc   Number         0  anon$$obj.o(Region$$Table)
    Region$$Table$$Limit                     0x08004ddc   Number         0  anon$$obj.o(Region$$Table)
    StateContr                               0x20000000   Data          32  main.o(.data)
    ADCSampPare                              0x20000020   Data          48  main.o(.data)
    SystemCoreClock                          0x20000050   Data           4  system_stm32f10x.o(.data)
    AHBPrescTable                            0x20000054   Data          16  system_stm32f10x.o(.data)
    Hzk                                      0x2000007c   Data        1792  oled.o(.data)
    pi_spd                                   0x20000780   Data          72  main.o(.bss)
    pi_ICurr                                 0x200007c8   Data          72  main.o(.bss)
    Hallless_Three                           0x20000810   Data          64  main.o(.bss)
    VvvF_startPare                           0x20000850   Data          30  main.o(.bss)
    ADC_DualConvertedValueTab                0x2000086e   Data          10  main.o(.bss)
    OLED_GRAM                                0x200009f8   Data        2112  oled.o(.bss)
    __libspace_start                         0x20001238   Data          96  libspace.o(.bss)
    __temporary_stack_top$libspace           0x20001298   Data           0  libspace.o(.bss)



==============================================================================

Memory Map of the image

  Image Entry point : 0x08000131

  Load Region LR_IROM1 (Base: 0x08000000, Size: 0x0000555c, Max: 0x00040000, ABSOLUTE, COMPRESSED[0x000050dc])

    Execution Region ER_IROM1 (Exec base: 0x08000000, Load base: 0x08000000, Size: 0x00004ddc, Max: 0x00040000, ABSOLUTE)

    Exec Addr    Load Addr    Size         Type   Attr      Idx    E Section Name        Object

    0x08000000   0x08000000   0x00000130   Data   RO          195    RESET               startup_stm32f10x_hd.o
    0x08000130   0x08000130   0x00000008   Code   RO          669  * !!!main             c_w.l(__main.o)
    0x08000138   0x08000138   0x00000034   Code   RO          881    !!!scatter          c_w.l(__scatter.o)
    0x0800016c   0x0800016c   0x00000064   Code   RO          879    !!dclz77c           c_w.l(__dclz77c.o)
    0x080001d0   0x080001d0   0x0000001c   Code   RO          883    !!handler_zi        c_w.l(__scatter_zi.o)
    0x080001ec   0x080001ec   0x00000002   Code   RO          747    .ARM.Collect$$libinit$$00000000  c_w.l(libinit.o)
    0x080001ee   0x080001ee   0x00000000   Code   RO          754    .ARM.Collect$$libinit$$00000002  c_w.l(libinit2.o)
    0x080001ee   0x080001ee   0x00000000   Code   RO          756    .ARM.Collect$$libinit$$00000004  c_w.l(libinit2.o)
    0x080001ee   0x080001ee   0x00000000   Code   RO          759    .ARM.Collect$$libinit$$0000000A  c_w.l(libinit2.o)
    0x080001ee   0x080001ee   0x00000000   Code   RO          761    .ARM.Collect$$libinit$$0000000C  c_w.l(libinit2.o)
    0x080001ee   0x080001ee   0x00000000   Code   RO          763    .ARM.Collect$$libinit$$0000000E  c_w.l(libinit2.o)
    0x080001ee   0x080001ee   0x00000000   Code   RO          766    .ARM.Collect$$libinit$$00000011  c_w.l(libinit2.o)
    0x080001ee   0x080001ee   0x00000000   Code   RO          768    .ARM.Collect$$libinit$$00000013  c_w.l(libinit2.o)
    0x080001ee   0x080001ee   0x00000000   Code   RO          770    .ARM.Collect$$libinit$$00000015  c_w.l(libinit2.o)
    0x080001ee   0x080001ee   0x00000000   Code   RO          772    .ARM.Collect$$libinit$$00000017  c_w.l(libinit2.o)
    0x080001ee   0x080001ee   0x00000000   Code   RO          774    .ARM.Collect$$libinit$$00000019  c_w.l(libinit2.o)
    0x080001ee   0x080001ee   0x00000000   Code   RO          776    .ARM.Collect$$libinit$$0000001B  c_w.l(libinit2.o)
    0x080001ee   0x080001ee   0x00000000   Code   RO          778    .ARM.Collect$$libinit$$0000001D  c_w.l(libinit2.o)
    0x080001ee   0x080001ee   0x00000000   Code   RO          780    .ARM.Collect$$libinit$$0000001F  c_w.l(libinit2.o)
    0x080001ee   0x080001ee   0x00000000   Code   RO          782    .ARM.Collect$$libinit$$00000021  c_w.l(libinit2.o)
    0x080001ee   0x080001ee   0x00000000   Code   RO          784    .ARM.Collect$$libinit$$00000023  c_w.l(libinit2.o)
    0x080001ee   0x080001ee   0x00000000   Code   RO          786    .ARM.Collect$$libinit$$00000025  c_w.l(libinit2.o)
    0x080001ee   0x080001ee   0x00000000   Code   RO          790    .ARM.Collect$$libinit$$0000002C  c_w.l(libinit2.o)
    0x080001ee   0x080001ee   0x00000000   Code   RO          792    .ARM.Collect$$libinit$$0000002E  c_w.l(libinit2.o)
    0x080001ee   0x080001ee   0x00000000   Code   RO          794    .ARM.Collect$$libinit$$00000030  c_w.l(libinit2.o)
    0x080001ee   0x080001ee   0x00000000   Code   RO          796    .ARM.Collect$$libinit$$00000032  c_w.l(libinit2.o)
    0x080001ee   0x080001ee   0x00000002   Code   RO          797    .ARM.Collect$$libinit$$00000033  c_w.l(libinit2.o)
    0x080001f0   0x080001f0   0x00000002   Code   RO          817    .ARM.Collect$$libshutdown$$00000000  c_w.l(libshutdown.o)
    0x080001f2   0x080001f2   0x00000000   Code   RO          830    .ARM.Collect$$libshutdown$$00000002  c_w.l(libshutdown2.o)
    0x080001f2   0x080001f2   0x00000000   Code   RO          832    .ARM.Collect$$libshutdown$$00000004  c_w.l(libshutdown2.o)
    0x080001f2   0x080001f2   0x00000000   Code   RO          834    .ARM.Collect$$libshutdown$$00000006  c_w.l(libshutdown2.o)
    0x080001f2   0x080001f2   0x00000000   Code   RO          837    .ARM.Collect$$libshutdown$$00000009  c_w.l(libshutdown2.o)
    0x080001f2   0x080001f2   0x00000000   Code   RO          840    .ARM.Collect$$libshutdown$$0000000C  c_w.l(libshutdown2.o)
    0x080001f2   0x080001f2   0x00000000   Code   RO          842    .ARM.Collect$$libshutdown$$0000000E  c_w.l(libshutdown2.o)
    0x080001f2   0x080001f2   0x00000000   Code   RO          845    .ARM.Collect$$libshutdown$$00000011  c_w.l(libshutdown2.o)
    0x080001f2   0x080001f2   0x00000002   Code   RO          846    .ARM.Collect$$libshutdown$$00000012  c_w.l(libshutdown2.o)
    0x080001f4   0x080001f4   0x00000000   Code   RO          711    .ARM.Collect$$rtentry$$00000000  c_w.l(__rtentry.o)
    0x080001f4   0x080001f4   0x00000000   Code   RO          724    .ARM.Collect$$rtentry$$00000002  c_w.l(__rtentry2.o)
    0x080001f4   0x080001f4   0x00000006   Code   RO          736    .ARM.Collect$$rtentry$$00000004  c_w.l(__rtentry4.o)
    0x080001fa   0x080001fa   0x00000000   Code   RO          726    .ARM.Collect$$rtentry$$00000009  c_w.l(__rtentry2.o)
    0x080001fa   0x080001fa   0x00000004   Code   RO          727    .ARM.Collect$$rtentry$$0000000A  c_w.l(__rtentry2.o)
    0x080001fe   0x080001fe   0x00000000   Code   RO          729    .ARM.Collect$$rtentry$$0000000C  c_w.l(__rtentry2.o)
    0x080001fe   0x080001fe   0x00000008   Code   RO          730    .ARM.Collect$$rtentry$$0000000D  c_w.l(__rtentry2.o)
    0x08000206   0x08000206   0x00000002   Code   RO          751    .ARM.Collect$$rtexit$$00000000  c_w.l(rtexit.o)
    0x08000208   0x08000208   0x00000000   Code   RO          799    .ARM.Collect$$rtexit$$00000002  c_w.l(rtexit2.o)
    0x08000208   0x08000208   0x00000004   Code   RO          800    .ARM.Collect$$rtexit$$00000003  c_w.l(rtexit2.o)
    0x0800020c   0x0800020c   0x00000006   Code   RO          801    .ARM.Collect$$rtexit$$00000004  c_w.l(rtexit2.o)
    0x08000212   0x08000212   0x00000002   PAD
    0x08000214   0x08000214   0x0000008c   Code   RO            1    .text               main.o
    0x080002a0   0x080002a0   0x00000012   Code   RO          149    .text               stm32f10x_it.o
    0x080002b2   0x080002b2   0x00000002   PAD
    0x080002b4   0x080002b4   0x00000154   Code   RO          164    .text               system_stm32f10x.o
    0x08000408   0x08000408   0x00000040   Code   RO          196    .text               startup_stm32f10x_hd.o
    0x08000448   0x08000448   0x000000b0   Code   RO          200    .text               misc.o
    0x080004f8   0x080004f8   0x00000330   Code   RO          238    .text               stm32f10x_adc.o
    0x08000828   0x08000828   0x000001c8   Code   RO          322    .text               stm32f10x_dma.o
    0x080009f0   0x080009f0   0x0000026c   Code   RO          371    .text               stm32f10x_gpio.o
    0x08000c5c   0x08000c5c   0x000002b4   Code   RO          419    .text               stm32f10x_rcc.o
    0x08000f10   0x08000f10   0x00000af4   Code   RO          470    .text               stm32f10x_tim.o
    0x08001a04   0x08001a04   0x00000244   Code   RO          507    .text               adc_int.o
    0x08001c48   0x08001c48   0x00000074   Code   RO          528    .text               gpio_int.o
    0x08001cbc   0x08001cbc   0x00000260   Code   RO          546    .text               hallless.o
    0x08001f1c   0x08001f1c   0x00000624   Code   RO          560    .text               oled.o
    0x08002540   0x08002540   0x0000004c   Code   RO          580    .text               pi_cale.o
    0x0800258c   0x0800258c   0x000004ea   Code   RO          593    .text               state_machine.o
    0x08002a76   0x08002a76   0x00000002   PAD
    0x08002a78   0x08002a78   0x00000300   Code   RO          607    .text               tim1_isr_mcloop.o
    0x08002d78   0x08002d78   0x00000314   Code   RO          623    .text               tim1_pwm.o
    0x0800308c   0x0800308c   0x00000078   Code   RO          636    .text               timer.o
    0x08003104   0x08003104   0x00000184   Code   RO          652    .text               vvvfcontrol.o
    0x08003288   0x08003288   0x00000006   Code   RO          667    .text               c_w.l(heapauxi.o)
    0x0800328e   0x0800328e   0x0000004a   Code   RO          738    .text               c_w.l(sys_stackheap_outer.o)
    0x080032d8   0x080032d8   0x00000012   Code   RO          740    .text               c_w.l(exit.o)
    0x080032ea   0x080032ea   0x00000002   PAD
    0x080032ec   0x080032ec   0x00000008   Code   RO          748    .text               c_w.l(libspace.o)
    0x080032f4   0x080032f4   0x0000000c   Code   RO          809    .text               c_w.l(sys_exit.o)
    0x08003300   0x08003300   0x00000002   Code   RO          820    .text               c_w.l(use_no_semi.o)
    0x08003302   0x08003302   0x00000000   Code   RO          822    .text               c_w.l(indicate_semi.o)
    0x08003302   0x08003302   0x00000002   PAD
    0x08003304   0x08003304   0x00000150   Code   RO          671    x$fpl$dadd          fz_ws.l(daddsub_clz.o)
    0x08003454   0x08003454   0x0000005a   Code   RO          677    x$fpl$dfixu         fz_ws.l(dfixu.o)
    0x080034ae   0x080034ae   0x00000026   Code   RO          681    x$fpl$dfltu         fz_ws.l(dflt_clz.o)
    0x080034d4   0x080034d4   0x00000154   Code   RO          687    x$fpl$dmul          fz_ws.l(dmul.o)
    0x08003628   0x08003628   0x0000009c   Code   RO          712    x$fpl$dnaninf       fz_ws.l(dnaninf.o)
    0x080036c4   0x080036c4   0x0000000c   Code   RO          714    x$fpl$dretinf       fz_ws.l(dretinf.o)
    0x080036d0   0x080036d0   0x000001d4   Code   RO          673    x$fpl$dsub          fz_ws.l(daddsub_clz.o)
    0x080038a4   0x080038a4   0x000000c4   Code   RO          689    x$fpl$fadd          fz_ws.l(faddsub_clz.o)
    0x08003968   0x08003968   0x00000018   Code   RO          716    x$fpl$fcmpinf       fz_ws.l(fcmpi.o)
    0x08003980   0x08003980   0x0000003e   Code   RO          695    x$fpl$ffixu         fz_ws.l(ffixu.o)
    0x080039be   0x080039be   0x00000002   PAD
    0x080039c0   0x080039c0   0x00000030   Code   RO          700    x$fpl$fflt          fz_ws.l(fflt_clz.o)
    0x080039f0   0x080039f0   0x00000026   Code   RO          699    x$fpl$ffltu         fz_ws.l(fflt_clz.o)
    0x08003a16   0x08003a16   0x00000002   PAD
    0x08003a18   0x08003a18   0x00000068   Code   RO          705    x$fpl$fleqf         fz_ws.l(fleqf.o)
    0x08003a80   0x08003a80   0x00000102   Code   RO          707    x$fpl$fmul          fz_ws.l(fmul.o)
    0x08003b82   0x08003b82   0x0000008c   Code   RO          718    x$fpl$fnaninf       fz_ws.l(fnaninf.o)
    0x08003c0e   0x08003c0e   0x0000000a   Code   RO          720    x$fpl$fretinf       fz_ws.l(fretinf.o)
    0x08003c18   0x08003c18   0x00000062   Code   RO          709    x$fpl$frleqf        fz_ws.l(frleqf.o)
    0x08003c7a   0x08003c7a   0x00000002   PAD
    0x08003c7c   0x08003c7c   0x000000ea   Code   RO          691    x$fpl$fsub          fz_ws.l(faddsub_clz.o)
    0x08003d66   0x08003d66   0x00000000   Code   RO          722    x$fpl$usenofp       fz_ws.l(usenofp.o)
    0x08003d66   0x08003d66   0x00001054   Data   RO          562    .constdata          oled.o
    0x08004dba   0x08004dba   0x00000002   PAD
    0x08004dbc   0x08004dbc   0x00000020   Data   RO          877    Region$$Table       anon$$obj.o


    Execution Region RW_IRAM1 (Exec base: 0x20000000, Load base: 0x08004ddc, Size: 0x00001898, Max: 0x0000c000, ABSOLUTE, COMPRESSED[0x00000300])

    Exec Addr    Load Addr    Size         Type   Attr      Idx    E Section Name        Object

    0x20000000   COMPRESSED   0x00000020   Data   RW            7    .data               main.o
    0x20000020   COMPRESSED   0x00000030   Data   RW            8    .data               main.o
    0x20000050   COMPRESSED   0x00000014   Data   RW          165    .data               system_stm32f10x.o
    0x20000064   COMPRESSED   0x00000014   Data   RW          420    .data               stm32f10x_rcc.o
    0x20000078   COMPRESSED   0x00000001   Data   RW          510    .data               adc_int.o
    0x20000079   COMPRESSED   0x00000003   Data   RW          547    .data               hallless.o
    0x2000007c   COMPRESSED   0x00000700   Data   RW          564    .data               oled.o
    0x2000077c   COMPRESSED   0x00000002   Data   RW          594    .data               state_machine.o
    0x2000077e   COMPRESSED   0x00000002   PAD
    0x20000780        -       0x00000048   Zero   RW            2    .bss                main.o
    0x200007c8        -       0x00000048   Zero   RW            3    .bss                main.o
    0x20000810        -       0x00000040   Zero   RW            4    .bss                main.o
    0x20000850        -       0x0000001e   Zero   RW            5    .bss                main.o
    0x2000086e        -       0x0000000a   Zero   RW            6    .bss                main.o
    0x20000878        -       0x00000180   Zero   RW          509    .bss                adc_int.o
    0x200009f8        -       0x00000840   Zero   RW          561    .bss                oled.o
    0x20001238        -       0x00000060   Zero   RW          749    .bss                c_w.l(libspace.o)
    0x20001298        -       0x00000200   Zero   RW          194    HEAP                startup_stm32f10x_hd.o
    0x20001498        -       0x00000400   Zero   RW          193    STACK               startup_stm32f10x_hd.o


==============================================================================

Image component sizes


      Code (inc. data)   RO Data    RW Data    ZI Data      Debug   Object Name

       580         46          0          1        384       1610   adc_int.o
         0          0          0          0          0         32   core_cm3.o
       116          8          0          0          0        956   gpio_int.o
       608         68          0          3          0       2323   hallless.o
       140         18          0         80        248      58004   main.o
       176         14          0          0          0     216037   misc.o
      1572         32       4180       1792       2112       7563   oled.o
        76         30          0          0          0        555   pi_cale.o
        64         26        304          0       1536        840   startup_stm32f10x_hd.o
      1258         64          0          2          0       2106   state_machine.o
       816         24          0          0          0      11397   stm32f10x_adc.o
       456         10          0          0          0       4790   stm32f10x_dma.o
       620         36          0          0          0       5973   stm32f10x_gpio.o
        18          0          0          0          0       1234   stm32f10x_it.o
       692         32          0         20          0       9200   stm32f10x_rcc.o
      2804         86          0          0          0      23094   stm32f10x_tim.o
       340         32          0         20          0       1979   system_stm32f10x.o
       768         36          0          0          0        865   tim1_isr_mcloop.o
       788         16          0          0          0       2271   tim1_pwm.o
       120         10          0          0          0      15963   timer.o
       388         26          0          0          0       2379   vvvfcontrol.o

    ----------------------------------------------------------------------
     12404        614       4518       1920       4280     369171   Object Totals
         0          0         32          0          0          0   (incl. Generated)
         4          0          2          2          0          0   (incl. Padding)

    ----------------------------------------------------------------------

      Code (inc. data)   RO Data    RW Data    ZI Data      Debug   Library Member Name

       100          0          0          0          0          0   __dclz77c.o
         8          0          0          0          0         68   __main.o
         0          0          0          0          0          0   __rtentry.o
        12          0          0          0          0          0   __rtentry2.o
         6          0          0          0          0          0   __rtentry4.o
        52          8          0          0          0          0   __scatter.o
        28          0          0          0          0          0   __scatter_zi.o
        18          0          0          0          0         80   exit.o
         6          0          0          0          0        152   heapauxi.o
         0          0          0          0          0          0   indicate_semi.o
         2          0          0          0          0          0   libinit.o
         2          0          0          0          0          0   libinit2.o
         2          0          0          0          0          0   libshutdown.o
         2          0          0          0          0          0   libshutdown2.o
         8          4          0          0         96         68   libspace.o
         2          0          0          0          0          0   rtexit.o
        10          0          0          0          0          0   rtexit2.o
        12          4          0          0          0         68   sys_exit.o
        74          0          0          0          0         80   sys_stackheap_outer.o
         2          0          0          0          0         68   use_no_semi.o
       804         16          0          0          0        272   daddsub_clz.o
        90          4          0          0          0         92   dfixu.o
        38          0          0          0          0         68   dflt_clz.o
       340         12          0          0          0        104   dmul.o
       156          4          0          0          0         92   dnaninf.o
        12          0          0          0          0         68   dretinf.o
       430          8          0          0          0        168   faddsub_clz.o
        24          0          0          0          0         68   fcmpi.o
        62          4          0          0          0         84   ffixu.o
        86          0          0          0          0        136   fflt_clz.o
       104          4          0          0          0         84   fleqf.o
       258          4          0          0          0         84   fmul.o
       140          4          0          0          0         84   fnaninf.o
        10          0          0          0          0         68   fretinf.o
        98          0          0          0          0         68   frleqf.o
         0          0          0          0          0          0   usenofp.o

    ----------------------------------------------------------------------
      3010         76          0          0         96       2124   Library Totals
        12          0          0          0          0          0   (incl. Padding)

    ----------------------------------------------------------------------

      Code (inc. data)   RO Data    RW Data    ZI Data      Debug   Library Name

       346         16          0          0         96        584   c_w.l
      2652         60          0          0          0       1540   fz_ws.l

    ----------------------------------------------------------------------
      3010         76          0          0         96       2124   Library Totals

    ----------------------------------------------------------------------

==============================================================================


      Code (inc. data)   RO Data    RW Data    ZI Data      Debug   

     15414        690       4518       1920       4376     368015   Grand Totals
     15414        690       4518        768       4376     368015   ELF Image Totals (compressed)
     15414        690       4518        768          0          0   ROM Totals

==============================================================================

    Total RO  Size (Code + RO Data)                19932 (  19.46kB)
    Total RW  Size (RW Data + ZI Data)              6296 (   6.15kB)
    Total ROM Size (Code + RO Data + RW Data)      20700 (  20.21kB)

==============================================================================

