<html>
<body>
<pre>
<h1>礦ision Build Log</h1>
<h2>Tool Versions:</h2>
IDE-Version: μVision V5.34.0.0
Copyright (C) 2021 ARM Ltd and ARM Germany GmbH. All rights reserved.
License Information: chou joey, HP Inc., LIC=Y2B1Q-NLH27-E0MN4-FJCP6-R47U5-PKST7
 
Tool Versions:
Toolchain:       MDK-ARM Professional  Version: 5.34.0.0
Toolchain Path:  D:\software\Keil5\ARM\ARMCC\Bin
C Compiler:      Armcc.exe V5.06 update 7 (build 960)
Assembler:       Armasm.exe V5.06 update 7 (build 960)
Linker/Locator:  ArmLink.exe V5.06 update 7 (build 960)
Library Manager: ArmAr.exe V5.06 update 7 (build 960)
Hex Converter:   FromElf.exe V5.06 update 7 (build 960)
CPU DLL:         SARMCM3.DLL V5.34.0.0
Dialog DLL:      DCM.DLL V1.17.3.0
Target DLL:      Segger\JL2CM3.dll V2.99.38.0
Dialog DLL:      TCM.DLL V1.48.0.0
 
<h2>Project:</h2>
D:\下载\百度网盘\匠心科技_BLDC_无感方波速度闭环控制V1.2\匠心科技_BLDC_无感方波速度闭环控制V1.2\USER\Craftsman_Motor.uvprojx
Project File Date:  07/30/2024

<h2>Output:</h2>
*** Using Compiler 'V5.06 update 7 (build 960)', folder: 'D:\software\Keil5\ARM\ARMCC\Bin'
Rebuild target 'Craftsman_Motor'
assembling startup_stm32f10x_hd.s...
compiling core_cm3.c...
compiling system_stm32f10x.c...
compiling stm32f10x_it.c...
compiling misc.c...
compiling main.c...
compiling stm32f10x_adc.c...
compiling stm32f10x_bkp.c...
compiling stm32f10x_can.c...
compiling stm32f10x_crc.c...
compiling stm32f10x_dbgmcu.c...
compiling stm32f10x_cec.c...
compiling stm32f10x_dac.c...
compiling stm32f10x_exti.c...
compiling stm32f10x_dma.c...
compiling stm32f10x_flash.c...
compiling stm32f10x_iwdg.c...
compiling stm32f10x_pwr.c...
compiling stm32f10x_gpio.c...
compiling stm32f10x_i2c.c...
compiling stm32f10x_rcc.c...
compiling stm32f10x_fsmc.c...
compiling stm32f10x_rtc.c...
compiling stm32f10x_sdio.c...
compiling stm32f10x_spi.c...
compiling stm32f10x_wwdg.c...
compiling ADC_int.c...
compiling stm32f10x_usart.c...
compiling GPIO_int.c...
compiling stm32f10x_tim.c...
compiling Hall.c...
compiling PI_Cale.c...
compiling Hallless.c...
compiling State_Machine.c...
compiling OLED.c...
compiling Tim1_ISR_MCLoop.c...
compiling Tim1_PWM.c...
compiling Timer.c...
compiling VvvfControl.c...
linking...
Program Size: Code=15414 RO-data=4518 RW-data=1920 ZI-data=4376  
FromELF: creating hex file...
"..\Craftsman_Motor\Craftsman_Motor.axf" - 0 Error(s), 0 Warning(s).

<h2>Software Packages used:</h2>

<h2>Collection of Component include folders:</h2>

<h2>Collection of Component Files used:</h2>
Build Time Elapsed:  00:00:03
</pre>
</body>
</html>
